<html>
<body>
<pre>
<h1>µVision Build Log</h1>
<h2>Project:</h2>
C:\Users\user8\Desktop\2015-05 Freescale Cup 2015\Program\20150509 FRDM-KL25Z_Racing_OK\FRDM-KL25Z_Racing.uvproj
Project File Date:  04/17/2015

<h2>Output:</h2>
Rebuild target 'mbed FRDM-KL25Z'
compiling main.cpp...
compiling common.cpp...
compiling Spices.cpp...
compiling TFC.cpp...
linking...
Program Size: Code=25392 RO-data=1488 RW-data=224 ZI-data=3816  
After Build - User command #1: fromelf --bin -o build\FRDM-KL25Z_Racing_KL25Z.bin build\FRDM-KL25Z_Racing.axf
".\build\FRDM-KL25Z_Racing.axf" - 0 Error(s), 0 Warning(s).
Load "C:\\Users\\user8\\Desktop\\2015-05 Freescale Cup 2015\\Program\\20150509 FRDM-KL25Z_Racing_OK\\build\\FRDM-KL25Z_Racing.axf" 
RDDI-DAP Error
Error: Flash Download failed  -  Target DLL has been cancelled
</pre>
</body>
</html>
