ARM Linker, 5.03 [Build 76] [MDK-ARM Lite]

==============================================================================

Section Cross References

    main.o(.text) refers to tfc.o(.text) for TFC_ReadPot(unsigned char)
    main.o(.text) refers to f2d.o(.text) for __aeabi_f2d
    main.o(.text) refers to Stream.o(i._ZN4mbed6Stream6printfEPKcz) for mbed::Stream::printf(const char*, ...)
    main.o(.text) refers to faddsub.o(x$fpl$fadd) for __aeabi_fadd
    main.o(.text) refers to fmul.o(x$fpl$fmul) for __aeabi_fmul
    main.o(.text) refers to fflti.o(.text) for __aeabi_ui2f
    main.o(.text) refers to flef.o(x$fpl$fleqf) for __aeabi_cfcmple
    main.o(.text) refers to frlef.o(x$fpl$frleqf) for __aeabi_cfrcmple
    main.o(.text) refers to Serial.o(i._ZN4mbed6Serial4baudEi) for mbed::Serial::baud(int)
    main.o(.text) refers to CallChain.o(i._ZN4mbed9CallChain3addEPFvvE) for mbed::CallChain::add(void(*)())
    main.o(.text) refers to Ticker.o(i._ZN4mbed6Ticker5setupEj) for mbed::Ticker::setup(unsigned)
    main.o(.text) refers to spices.o(.text) for MasterControlProgram()
    main.o(.text) refers to common.o(.bss) for TFC_Ticker
    main.o(.text) refers to main.o(.data) for .data
    main.o(.text) refers to common.o(.bss) for PC
    main.o(.text) refers to tfc.o(.data) for TFC_LineScanImageReady
    main.o(.ARM.exidx) refers to main.o(.text) for .text
    common.o(.text) refers to Serial.o(i._ZN4mbed6SerialC1E7PinNameS1_PKc) for mbed::Serial::Serial(PinName, PinName, const char*)
    common.o(.text) refers to aeabi_atexit.o(i.__aeabi_atexit) for __aeabi_atexit
    common.o(.text) refers to TimerEvent.o(i._ZN4mbed10TimerEventC2Ev) for mbed::TimerEvent::TimerEvent__sub_object()
    common.o(.text) refers to CallChain.o(i._ZN4mbed9CallChainC1Ei) for mbed::CallChain::CallChain(int)
    common.o(.text) refers to common.o(.bss) for .bss
    common.o(.text) refers to common.o(i._ZN4mbed6SerialD1Ev) for mbed::Serial::~Serial()
    common.o(.text) refers to Ticker.o(.constdata__ZTVN4mbed6TickerE) for vtable for mbed::Ticker
    common.o(.text) refers to common.o(i._ZN4mbed6TickerD1Ev) for mbed::Ticker::~Ticker()
    common.o(.ARM.exidx) refers to common.o(.text) for .text
    common.o(.init_array) refers to common.o(.text) for __sti___10_common_cpp
    common.o(.init_array) refers to init_aeabi.o(.text) for __cpp_initialize__aeabi_
    spices.o(.text) refers to tfc.o(.text) for TFC_SetMotorPWM(float, float)
    spices.o(.text) refers to frlef.o(x$fpl$frleqf) for __aeabi_cfrcmple
    spices.o(.text) refers to fscalbn.o(.text) for __ARM_scalbnf
    spices.o(.text) refers to fdiv.o(.text) for __aeabi_fdiv
    spices.o(.text) refers to fmul.o(x$fpl$fmul) for __aeabi_fmul
    spices.o(.text) refers to faddsub.o(x$fpl$frsb) for __aeabi_frsub
    spices.o(.text) refers to f2d.o(.text) for __aeabi_f2d
    spices.o(.text) refers to Stream.o(i._ZN4mbed6Stream6printfEPKcz) for mbed::Stream::printf(const char*, ...)
    spices.o(.text) refers to faddsub.o(x$fpl$fsub) for __aeabi_fsub
    spices.o(.text) refers to dmul.o(.text) for __aeabi_dmul
    spices.o(.text) refers to daddsub.o(.text) for __aeabi_dadd
    spices.o(.text) refers to d2f.o(.text) for __aeabi_d2f
    spices.o(.text) refers to ddiv.o(.text) for __aeabi_ddiv
    spices.o(.text) refers to faddsub.o(x$fpl$fadd) for __aeabi_fadd
    spices.o(.text) refers to spices.o(.data) for .data
    spices.o(.text) refers to common.o(.bss) for TFC_Ticker
    spices.o(.text) refers to common.o(.bss) for PC
    spices.o(.text) refers to spices.o(.bss) for .bss
    spices.o(.text) refers to fflti.o(.text) for __aeabi_ui2f
    spices.o(.text) refers to flef.o(x$fpl$fleqf) for __aeabi_cfcmple
    spices.o(.text) refers to ffixui.o(.text) for __aeabi_f2uiz
    spices.o(.text) refers to tfc.o(.data) for TFC_LineScanImage0
    spices.o(.ARM.exidx) refers to spices.o(.text) for .text
    tfc.o(.text) refers to f2d.o(.text) for __aeabi_f2d
    tfc.o(.text) refers to daddsub.o(.text) for __aeabi_dadd
    tfc.o(.text) refers to dscalbn.o(.text) for __ARM_scalbn
    tfc.o(.text) refers to d2f.o(.text) for __aeabi_d2f
    tfc.o(.text) refers to fflti.o(.text) for __aeabi_ui2f
    tfc.o(.text) refers to fmul.o(x$fpl$fmul) for __aeabi_fmul
    tfc.o(.text) refers to ffixui.o(.text) for __aeabi_f2uiz
    tfc.o(.text) refers to fdiv.o(.text) for __aeabi_fdiv
    tfc.o(.text) refers to faddsub.o(x$fpl$fsub) for __aeabi_fsub
    tfc.o(.text) refers to dmul.o(.text) for __aeabi_dmul
    tfc.o(.text) refers to system_MKL25Z4.o(.data) for SystemCoreClock
    tfc.o(.text) refers to tfc.o(.data) for .data
    tfc.o(.text) refers to tfc.o(.bss) for .bss
    tfc.o(.text) refers to dflti.o(.text) for __aeabi_ui2d
    tfc.o(.text) refers to ddiv.o(.text) for __aeabi_ddiv
    tfc.o(.text) refers to tfc.o(i.__ARM_common_switch8) for __ARM_common_switch8
    tfc.o(.ARM.exidx) refers to tfc.o(.text) for .text
    sys.o(.ARM.exidx) refers to sys.o(i.__user_setup_stackheap) for i.__user_setup_stackheap
[...]
    __2fprintf                               0x0000031b   Thumb Code    22  __2fprintf.o(.text)
    __2sprintf                               0x00000331   Thumb Code    40  __2sprintf.o(.text)
    _printf_int_dec                          0x0000035d   Thumb Code    90  _printf_dec.o(.text)
    setbuf                                   0x000003c9   Thumb Code    26  setbuf.o(.text)
    memset                                   0x000003e3   Thumb Code    28  memset.o(.text)
    __I$use$semihosting                      0x000003ff   Thumb Code     0  use_no_semi.o(.text)
    __use_no_semihosting_swi                 0x000003ff   Thumb Code     2  use_no_semi.o(.text)
    TFC_Race()                               0x00000411   Thumb Code     2  main.o(.text)
    TFC_TickerUpdate()                       0x00000413   Thumb Code    26  main.o(.text)
    TFC_LED_Servo_Test()                     0x0000042d   Thumb Code   134  main.o(.text)
    TFC_Motor_Test()                         0x000004b3   Thumb Code    84  main.o(.text)
    TFC_Camera_Test()                        0x00000507   Thumb Code   168  main.o(.text)
    $Super$$main                             0x000005af   Thumb Code    82  main.o(.text)
    Drive()                                  0x00000665   Thumb Code   104  spices.o(.text)
    SpeedControl()                           0x000006cd   Thumb Code   228  spices.o(.text)
    feedbackLights()                         0x000007b1   Thumb Code    56  spices.o(.text)
    Steer()                                  0x000007e9   Thumb Code    72  spices.o(.text)
    SteeringControl()                        0x00000831   Thumb Code   316  spices.o(.text)
    ActOnTrackStatus()                       0x0000096d   Thumb Code   124  spices.o(.text)
    reviewEdges()                            0x000009e9   Thumb Code   988  spices.o(.text)
    printEdgesFound()                        0x00000dc5   Thumb Code   134  spices.o(.text)
    findEdges(float*)                        0x00000e4b   Thumb Code   368  spices.o(.text)
    printDerivLineScanData(float*)           0x00000fbb   Thumb Code    64  spices.o(.text)
    adjustLights(float*, float*)             0x00000ffb   Thumb Code   648  spices.o(.text)
    printInvLineScanData(float*)             0x00001283   Thumb Code    52  spices.o(.text)
    derivativeLineScan(unsigned short*, float*) 0x000012b7   Thumb Code    88  spices.o(.text)
    printLineScanData(unsigned short*)       0x0000130f   Thumb Code    68  spices.o(.text)
    grabCameraFrame()                        0x00001353   Thumb Code    26  spices.o(.text)
    MasterControlProgram()                   0x0000136d   Thumb Code   144  spices.o(.text)
    TFC_SetMotorPWM(float, float)            0x00001431   Thumb Code   146  tfc.o(.text)
    TFC_InitMotorPWM(float)                  0x000014c3   Thumb Code   120  tfc.o(.text)
    TFC_SetServoDutyCycle(unsigned char, float) 0x0000153b   Thumb Code    56  tfc.o(.text)
    TFC_SetServo(unsigned char, float)       0x00001573   Thumb Code    86  tfc.o(.text)
    TFC_InitServos(float, float, float)      0x000015c9   Thumb Code   174  tfc.o(.text)
    TFC_InitLineScanCamera()                 0x00001677   Thumb Code    96  tfc.o(.text)
    ADC_Config_Alt(volatile ADC_MemMap*, adc_cfg*) 0x000016d7   Thumb Code    34  tfc.o(.text)
    ADC_Cal(volatile ADC_MemMap*)            0x000016f9   Thumb Code   124  tfc.o(.text)
    TFC_InitADC0()                           0x00001775   Thumb Code    74  tfc.o(.text)
    TFC_InitADC_System()                     0x000017bf   Thumb Code    22  tfc.o(.text)
    TFC_SetBatteryLED(unsigned char)         0x000017d5   Thumb Code    52  tfc.o(.text)
    TFC_GPIO_Init()                          0x00001809   Thumb Code   172  tfc.o(.text)
    TFC_Init()                               0x000018b5   Thumb Code    38  tfc.o(.text)
    TFC_GetDIP_Switch()                      0x000018db   Thumb Code    10  tfc.o(.text)
    TFC_ReadPushButton(unsigned char)        0x000018e5   Thumb Code    20  tfc.o(.text)
    TPM1_IRQHandler                          0x000018f9   Thumb Code    66  tfc.o(.text)
    ADC_Read_Cal(volatile ADC_MemMap*, adc_cal*) 0x0000193b   Thumb Code    70  tfc.o(.text)
    ADC0_IRQHandler                          0x00001981   Thumb Code   258  tfc.o(.text)
    TFC_ReadPot(unsigned char)               0x00001a83   Thumb Code    46  tfc.o(.text)
    TFC_ReadBatteryVoltage()                 0x00001ab1   Thumb Code    24  tfc.o(.text)
    TFC_SetBatteryLED_Level(unsigned char)   0x00001ac9   Thumb Code    68  tfc.o(.text)
    _printf_longlong_hex                     0x00001b45   Thumb Code    88  _printf_hex_int_ll_ptr.o(.text)
    _printf_int_hex                          0x00001b9d   Thumb Code    28  _printf_hex_int_ll_ptr.o(.text)
    _printf_ll_hex                           0x00001bb9   Thumb Code    10  _printf_hex_int_ll_ptr.o(.text)
    _printf_hex_ptr                          0x00001bc3   Thumb Code    22  _printf_hex_int_ll_ptr.o(.text)
    __printf                                 0x00001bdd   Thumb Code   386  __printf_flags_ss_wp.o(.text)
    __0sscanf                                0x00001d65   Thumb Code    54  __0sscanf.o(.text)
    _scanf_int                               0x00001da5   Thumb Code   330  _scanf_int.o(.text)
    _do_fflush                               0x00001ef1   Thumb Code    54  fflush.o(.text)
    fflush                                   0x00001f27   Thumb Code    46  fflush.o(.text)
    freopen                                  0x00001f59   Thumb Code   148  fopen.o(.text)
    fopen                                    0x00001fed   Thumb Code    76  fopen.o(.text)
    _fclose_internal                         0x00002041   Thumb Code    72  fclose.o(.text)
    fclose                                   0x00002041   Thumb Code     0  fclose.o(.text)
    strlen                                   0x0000208d   Thumb Code    62  strlen.o(.text)
    strncmp                                  0x000020d1   Thumb Code   154  strncmp.o(.text)
    strcmp                                   0x00002171   Thumb Code   132  strcmp.o(.text)
    __aeabi_uidiv                            0x000021f9   Thumb Code     0  aeabi_sdiv.o(.text)
    __aeabi_uidivmod                         0x000021f9   Thumb Code    20  aeabi_sdiv.o(.text)
    __aeabi_idiv                             0x0000220d   Thumb Code     0  aeabi_sdiv.o(.text)
    __aeabi_idivmod                          0x0000220d   Thumb Code   326  aeabi_sdiv.o(.text)
    __cpp_initialize__aeabi_                 0x00002355   Thumb Code    26  init_aeabi.o(.text)
    __aeabi_vec_dtor                         0x00002379   Thumb Code    34  aeabi_vec_dtor_noexceptions.o(.text)
    __aeabi_d2f                              0x0000239d   Thumb Code     0  d2f.o(.text)
    _d2f                                     0x0000239d   Thumb Code   120  d2f.o(.text)
    __aeabi_dadd                             0x0000270b   Thumb Code     0  daddsub.o(.text)
    _dadd                                    0x0000270b   Thumb Code    22  daddsub.o(.text)
    __aeabi_dsub                             0x00002721   Thumb Code     0  daddsub.o(.text)
    _dsub                                    0x00002721   Thumb Code    22  daddsub.o(.text)
    __aeabi_drsub                            0x00002737   Thumb Code     0  daddsub.o(.text)
    _drsb                                    0x00002737   Thumb Code    24  daddsub.o(.text)
    __aeabi_ddiv                             0x00002765   Thumb Code     0  ddiv.o(.text)
    _ddiv                                    0x00002765   Thumb Code  1076  ddiv.o(.text)
    _drdiv                                   0x00002b99   Thumb Code    20  ddiv.o(.text)
    __aeabi_i2d_normalise                    0x00002bb1   Thumb Code    66  dflti.o(.text)
    __aeabi_i2d                              0x00002bf3   Thumb Code    16  dflti.o(.text)
    _dflt                                    0x00002bf3   Thumb Code     0  dflti.o(.text)
    __aeabi_ui2d                             0x00002c03   Thumb Code     6  dflti.o(.text)
    _dfltu                                   0x00002c03   Thumb Code     0  dflti.o(.text)
    __aeabi_dmul                             0x00002c09   Thumb Code     0  dmul.o(.text)
    _dmul                                    0x00002c09   Thumb Code   578  dmul.o(.text)
    __ARM_scalbn                             0x00002e61   Thumb Code    80  dscalbn.o(.text)
    __aeabi_f2d                              0x00002ebd   Thumb Code     0  f2d.o(.text)
    _f2d                                     0x00002ebd   Thumb Code    82  f2d.o(.text)
    __aeabi_fdiv                             0x00002f15   Thumb Code     0  fdiv.o(.text)
    _fdiv                                    0x00002f15   Thumb Code   336  fdiv.o(.text)
    _frdiv                                   0x00003065   Thumb Code     8  fdiv.o(.text)
    __aeabi_f2uiz                            0x00003075   Thumb Code     0  ffixui.o(.text)
    _ffixu                                   0x00003075   Thumb Code    48  ffixui.o(.text)
    __aeabi_i2f_normalise                    0x000030a5   Thumb Code    72  fflti.o(.text)
    __aeabi_i2f                              0x000030ed   Thumb Code    16  fflti.o(.text)
    _fflt                                    0x000030ed   Thumb Code     0  fflti.o(.text)
    __aeabi_ui2f                             0x000030fd   Thumb Code     6  fflti.o(.text)
    _ffltu                                   0x000030fd   Thumb Code     0  fflti.o(.text)
    __ARM_scalbnf                            0x00003105   Thumb Code    64  fscalbn.o(.text)
    __rt_new_handler_addr                    0x00003149   Thumb Code     8  rt_new_handler_addr.o(.text)
    __rt_ddtor_pointer_addr                  0x00003151   Thumb Code     8  rt_ddtor_pointer_addr.o(.text)
    malloc                                   0x00003159   Thumb Code    98  h1_alloc.o(.text)
    free                                     0x000031bb   Thumb Code    76  h1_free.o(.text)
    _printf_pre_padding                      0x00003207   Thumb Code    44  _printf_pad.o(.text)
    _printf_post_padding                     0x00003233   Thumb Code    34  _printf_pad.o(.text)
    _printf_truncate_signed                  0x00003255   Thumb Code    18  _printf_truncate.o(.text)
    _printf_truncate_unsigned                0x00003267   Thumb Code    18  _printf_truncate.o(.text)
    _printf_str                              0x00003279   Thumb Code    82  _printf_str.o(.text)
    _printf_int_common                       0x000032cb   Thumb Code   176  _printf_intcommon.o(.text)
    _printf_charcount                        0x0000337b   Thumb Code    40  _printf_charcount.o(.text)
    _printf_char_common                      0x000033af   Thumb Code    32  _printf_char_common.o(.text)
    _sputc                                   0x000033d5   Thumb Code    10  _sputc.o(.text)
    _printf_char_file                        0x000033e1   Thumb Code    34  _printf_char_file.o(.text)
    _printf_wctomb                           0x00003409   Thumb Code   182  _printf_wctomb.o(.text)
    _printf_longlong_dec                     0x000034c5   Thumb Code    94  _printf_longlong_dec.o(.text)
    _printf_longlong_oct                     0x00003535   Thumb Code    68  _printf_oct_int_ll.o(.text)
    _printf_int_oct                          0x00003579   Thumb Code    24  _printf_oct_int_ll.o(.text)
    _printf_ll_oct                           0x00003591   Thumb Code    10  _printf_oct_int_ll.o(.text)
    _chval                                   0x000035a5   Thumb Code    30  _chval.o(.text)
    __vfscanf_char                           0x000035d1   Thumb Code    28  scanf_char.o(.text)
    _sgetc                                   0x000035f5   Thumb Code    32  _sgetc.o(.text)
    _sbackspace                              0x00003615   Thumb Code    36  _sgetc.o(.text)
    ferror                                   0x00003639   Thumb Code     8  ferror.o(.text)
    __flsbuf                                 0x00003641   Thumb Code   486  flsbuf.o(.text)
    __flsbuf_byte                            0x00003641   Thumb Code     0  flsbuf.o(.text)
    __flsbuf_wide                            0x00003641   Thumb Code     0  flsbuf.o(.text)
    _fseek                                   0x00003831   Thumb Code   240  fseek.o(.text)
    fseek                                    0x00003831   Thumb Code     0  fseek.o(.text)
    setvbuf                                  0x00003925   Thumb Code    72  setvbuf.o(.text)
    _seterr                                  0x00003971   Thumb Code    20  stdio.o(.text)
    _writebuf                                0x00003985   Thumb Code    76  stdio.o(.text)
    _fflush                                  0x000039d1   Thumb Code    76  stdio.o(.text)
    _deferredlazyseek                        0x00003a1d   Thumb Code    60  stdio.o(.text)
    _initio                                  0x00003a61   Thumb Code   216  initio.o(.text)
    _terminateio                             0x00003b39   Thumb Code    56  initio.o(.text)
    __rt_SIGPVFN                             0x00003b9d   Thumb Code    12  defsig_pvfn_outer.o(.text)
    _memset_w                                0x00003ba9   Thumb Code    26  rt_memclr.o(.text)
    _memset                                  0x00003bc3   Thumb Code    30  rt_memclr.o(.text)
    __aeabi_memclr                           0x00003be1   Thumb Code     4  rt_memclr.o(.text)
    __rt_memclr                              0x00003be1   Thumb Code     0  rt_memclr.o(.text)
    __aeabi_memclr4                          0x00003be5   Thumb Code     0  rt_memclr.o(.text)
    __aeabi_memclr8                          0x00003be5   Thumb Code     0  rt_memclr.o(.text)
    __rt_memclr_w                            0x00003be5   Thumb Code     4  rt_memclr.o(.text)
    __rt_udiv10                              0x00003be9   Thumb Code    40  rtudiv10.o(.text)
    __default_new_handler()                  0x00003c11   Thumb Code     8  arm_newhandler_noexceptions.o(.text)
    __fpl_fcmp_InfNaN                        0x00003c19   Thumb Code    96  fcmpin.o(.text)
    __rt_heap_descriptor                     0x00003c7d   Thumb Code     8  rt_heap_descriptor.o(.text)
    __use_no_heap                            0x00003c85   Thumb Code     2  hguard.o(.text)
    __heap$guard                             0x00003c87   Thumb Code     2  hguard.o(.text)
    _terminate_user_alloc                    0x00003c89   Thumb Code     2  init_alloc.o(.text)
    _init_user_alloc                         0x00003c8b   Thumb Code     2  init_alloc.o(.text)
    __Heap_Full                              0x00003c8d   Thumb Code    32  init_alloc.o(.text)
    __Heap_Broken                            0x00003cad   Thumb Code    10  init_alloc.o(.text)
    _init_alloc                              0x00003cb7   Thumb Code    90  init_alloc.o(.text)
    __Heap_Initialize                        0x00003d11   Thumb Code    10  h1_init.o(.text)
    __Heap_DescSize                          0x00003d1b   Thumb Code     4  h1_init.o(.text)
    _ll_udiv10                               0x00003d1f   Thumb Code   122  lludiv10.o(.text)
    isspace                                  0x00003d99   Thumb Code    18  isspace.o(.text)
    __lib_sel_fp_printf                      0x00003dad   Thumb Code     2  _printf_fp_dec.o(.text)
    _printf_fp_dec_real                      0x00003f4b   Thumb Code   618  _printf_fp_dec.o(.text)
    _printf_cs_common                        0x000041c1   Thumb Code    22  _printf_char.o(.text)
    _printf_char                             0x000041d7   Thumb Code    16  _printf_char.o(.text)
    _printf_string                           0x000041e7   Thumb Code     8  _printf_char.o(.text)
    _printf_lcs_common                       0x000041ef   Thumb Code    22  _printf_wchar.o(.text)
    _printf_wchar                            0x00004205   Thumb Code    16  _printf_wchar.o(.text)
    _printf_wstring                          0x00004215   Thumb Code     8  _printf_wchar.o(.text)
    __vfscanf                                0x0000421d   Thumb Code   892  _scanf.o(.text)
    _ftell_internal                          0x000045a9   Thumb Code    66  ftell.o(.text)
    ftell                                    0x000045a9   Thumb Code     0  ftell.o(.text)
    _wcrtomb                                 0x000045eb   Thumb Code    68  _wcrtomb.o(.text)
    __sig_exit                               0x0000462f   Thumb Code    12  defsig_exit.o(.text)
    __rt_SIGRTRED                            0x0000463b   Thumb Code    12  defsig_rtred_outer.o(.text)
    __rt_SIGPVFN_inner                       0x00004649   Thumb Code    14  defsig_pvfn_inner.o(.text)
    std::terminate()                         0x00004679   Thumb Code    28  arm_exceptions_terminate.o(.text)
    __fpl_cmpreturn                          0x00004695   Thumb Code    42  cmpret.o(.text)
    __fpl_fcheck_NaN2                        0x000046c5   Thumb Code    10  fnan2.o(.text)
    _sys_exit                                0x000046d5   Thumb Code     8  sys_exit.o(.text)
    __rt_ctype_table                         0x000046e1   Thumb Code    16  rt_ctype_table.o(.text)
    __rt_locale                              0x000046f1   Thumb Code     8  rt_locale.o(.text)
    __aeabi_errno_addr                       0x000046f9   Thumb Code     8  rt_errno_addr.o(.text)
    __errno                                  0x000046f9   Thumb Code     0  rt_errno_addr.o(.text)
    __rt_errno_addr                          0x000046f9   Thumb Code     0  rt_errno_addr.o(.text)
    __Heap_ProvideMemory                     0x00004701   Thumb Code    52  h1_extend.o(.text)
    _printf_fp_infnan                        0x00004735   Thumb Code   120  _printf_fp_infnan.o(.text)
    _btod_etento                             0x000047bd   Thumb Code   200  bigflt0.o(.text)
    _btod_d2e                                0x00004889   Thumb Code    64  btod.o(.text)
    _btod_emul                               0x00004c7f   Thumb Code    24  btod.o(.text)
    _btod_emuld                              0x00004c97   Thumb Code    60  btod.o(.text)
    _btod_ediv                               0x00004cd3   Thumb Code    22  btod.o(.text)
    _btod_edivd                              0x00004ce9   Thumb Code    60  btod.o(.text)
    abort                                    0x00004d31   Thumb Code    16  abort.o(.text)
    __default_signal_display                 0x00004d41   Thumb Code    52  defsig_general.o(.text)
    __rt_SIGRTRED_inner                      0x00004d75   Thumb Code    14  defsig_rtred_inner.o(.text)
    __rt_SIGRTMEM                            0x00004da9   Thumb Code    12  defsig_rtmem_outer.o(.text)
    __rt_heap_escrow                         0x00004db5   Thumb Code    24  heapauxa.o(.text)
    __rt_heap_expand                         0x00004dcd   Thumb Code    52  heapauxa.o(.text)
    __cxa_get_globals                        0x00004e0b   Thumb Code    66  arm_exceptions_globs.o(.text)
    __fpl_return_NaN                         0x00004e59   Thumb Code    94  retnan.o(.text)
    _ttywrch                                 0x00004eb7   Thumb Code    12  sys_wrch.o(.text)
    __semihosting_library_function           0x00004ec3   Thumb Code     0  indicate_semi.o(.text)
    __rt_eh_globals_addr                     0x00004ec5   Thumb Code     8  rt_eh_globals_addr.o(.text)
    __rt_SIGABRT                             0x00004ecd   Thumb Code    12  defsig_abrt_outer.o(.text)
    __rt_SIGRTMEM_inner                      0x00004ed9   Thumb Code    22  defsig_rtmem_inner.o(.text)
    __ARM_exceptions_buffer_init             0x00004f29   Thumb Code    18  arm_exceptions_mem.o(.text)
    __ARM_exceptions_buffer_allocate         0x00004f3b   Thumb Code    26  arm_exceptions_mem.o(.text)
    __ARM_exceptions_buffer_free             0x00004f55   Thumb Code    22  arm_exceptions_mem.o(.text)
    __rt_SIGABRT_inner                       0x00004f6d   Thumb Code    14  defsig_abrt_inner.o(.text)
    main                                     0x00004f9d   Thumb Code    12  retarget.o(i.$Sub$$main)
    NVIC_SetVector                           0x00004fb5   Thumb Code    46  cmsis_nvic.o(i.NVIC_SetVector)
    SystemInit                               0x00004fed   Thumb Code   122  system_MKL25Z4.o(i.SystemInit)
    mbed::FileHandle::flen()                 0x000050a5   Thumb Code    58  retarget.o(i._ZN4mbed10FileHandle4flenEv)
    mbed::FileHandle::~FileHandle()          0x000050e1   Thumb Code     0  retarget.o(i._ZN4mbed10FileHandleD2Ev)
    mbed::FileHandle::~FileHandle__sub_object() 0x000050e1   Thumb Code    30  retarget.o(i._ZN4mbed10FileHandleD2Ev)
    mbed::TimerEvent::irq(unsigned)          0x00005109   Thumb Code     6  TimerEvent.o(i._ZN4mbed10TimerEvent3irqEj)
    mbed::TimerEvent::insert(unsigned)       0x0000510f   Thumb Code    12  TimerEvent.o(i._ZN4mbed10TimerEvent6insertEj)
    mbed::TimerEvent::remove()               0x0000511b   Thumb Code    10  TimerEvent.o(i._ZN4mbed10TimerEvent6removeEv)
    mbed::TimerEvent::TimerEvent__sub_object() 0x00005125   Thumb Code    18  TimerEvent.o(i._ZN4mbed10TimerEventC2Ev)
    mbed::TimerEvent::~TimerEvent()          0x00005141   Thumb Code     0  TimerEvent.o(i._ZN4mbed10TimerEventD2Ev)
    mbed::TimerEvent::~TimerEvent__sub_object() 0x00005141   Thumb Code    18  TimerEvent.o(i._ZN4mbed10TimerEventD2Ev)
    mbed::FunctionPointer::call()            0x00005159   Thumb Code    26  FunctionPointer.o(i._ZN4mbed15FunctionPointer4callEv)
    mbed::FunctionPointer::FunctionPointer(void(*)()) 0x00005173   Thumb Code     8  FunctionPointer.o(i._ZN4mbed15FunctionPointerC1EPFvvE)
    mbed::FunctionPointer::FunctionPointer__sub_object(void(*)()) 0x00005173   Thumb Code     0  FunctionPointer.o(i._ZN4mbed15FunctionPointerC1EPFvvE)
    mbed::Serial::_irq_handler(unsigned, SerialIrq) 0x0000517b   Thumb Code    14  Serial.o(i._ZN4mbed6Serial12_irq_handlerEj9SerialIrq)
    mbed::Serial::baud(int)                  0x00005189   Thumb Code    16  Serial.o(i._ZN4mbed6Serial4baudEi)
    mbed::Serial::_putc(int)                 0x00005199   Thumb Code    14  Serial.o(i._ZN4mbed6Serial5_putcEi)
    mbed::Serial::Serial(PinName, PinName, const char*) 0x000051a9   Thumb Code    68  Serial.o(i._ZN4mbed6SerialC1E7PinNameS1_PKc)
    mbed::Serial::Serial__sub_object(PinName, PinName, const char*) 0x000051a9   Thumb Code     0  Serial.o(i._ZN4mbed6SerialC1E7PinNameS1_PKc)
    mbed::Serial::~Serial()                  0x000051f9   Thumb Code    34  common.o(i._ZN4mbed6SerialD1Ev)
    mbed::Serial::~Serial__sub_object()      0x000051f9   Thumb Code     0  common.o(i._ZN4mbed6SerialD1Ev)
    mbed::Stream::flen()                     0x00005225   Thumb Code     4  Stream.o(i._ZN4mbed6Stream4flenEv)
    mbed::Stream::close()                    0x00005229   Thumb Code     4  Stream.o(i._ZN4mbed6Stream5closeEv)
    mbed::Stream::lseek(long, int)           0x0000522d   Thumb Code     4  Stream.o(i._ZN4mbed6Stream5lseekEli)
    mbed::Stream::write(const void*, unsigned) 0x00005231   Thumb Code    36  Stream.o(i._ZN4mbed6Stream5writeEPKvj)
    mbed::Stream::isatty()                   0x00005255   Thumb Code     4  Stream.o(i._ZN4mbed6Stream6isattyEv)
    mbed::Stream::printf(const char*, ...)   0x00005259   Thumb Code    32  Stream.o(i._ZN4mbed6Stream6printfEPKcz)
    mbed::Stream::Stream__sub_object(const char*) 0x00005279   Thumb Code    46  Stream.o(i._ZN4mbed6StreamC2EPKc)
    mbed::Stream::~Stream()                  0x000052b5   Thumb Code     0  Stream.o(i._ZN4mbed6StreamD2Ev)
    mbed::Stream::~Stream__sub_object()      0x000052b5   Thumb Code    26  Stream.o(i._ZN4mbed6StreamD2Ev)
    mbed::Ticker::setup(unsigned)            0x000052d5   Thumb Code    28  Ticker.o(i._ZN4mbed6Ticker5setupEj)
    mbed::Ticker::handler()                  0x000052f1   Thumb Code    26  Ticker.o(i._ZN4mbed6Ticker7handlerEv)
    mbed::Ticker::~Ticker()                  0x0000530d   Thumb Code    20  common.o(i._ZN4mbed6TickerD1Ev)
    mbed::Ticker::~Ticker__sub_object()      0x0000530d   Thumb Code     0  common.o(i._ZN4mbed6TickerD1Ev)
    mbed::FileBase::getPathType()            0x00005325   Thumb Code     4  FileBase.o(i._ZN4mbed8FileBase11getPathTypeEv)
    mbed::FileBase::lookup(const char*, unsigned) 0x00005329   Thumb Code    54  FileBase.o(i._ZN4mbed8FileBase6lookupEPKcj)
    mbed::FileBase::FileBase(const char*, mbed::PathType) 0x00005365   Thumb Code    28  FileBase.o(i._ZN4mbed8FileBaseC1EPKcNS_8PathTypeE)
    mbed::FileBase::FileBase__sub_object(const char*, mbed::PathType) 0x00005365   Thumb Code     0  FileBase.o(i._ZN4mbed8FileBaseC1EPKcNS_8PathTypeE)
    mbed::FileBase::~FileBase()              0x00005389   Thumb Code    38  FileBase.o(i._ZN4mbed8FileBaseD1Ev)
    mbed::FileBase::~FileBase__sub_object()  0x00005389   Thumb Code     0  FileBase.o(i._ZN4mbed8FileBaseD1Ev)
    mbed::FileLike::FileLike__sub_object(const char*) 0x000053b9   Thumb Code    24  FileLike.o(i._ZN4mbed8FileLikeC2EPKc)
    mbed::FileLike::~FileLike()              0x000053d9   Thumb Code     0  FileLike.o(i._ZN4mbed8FileLikeD2Ev)
    mbed::FileLike::~FileLike__sub_object()  0x000053d9   Thumb Code    16  FileLike.o(i._ZN4mbed8FileLikeD2Ev)
    mbed::FilePath::fileSystem()             0x000053e9   Thumb Code    16  FilePath.o(i._ZN4mbed8FilePath10fileSystemEv)
    mbed::FilePath::isFileSystem()           0x000053f9   Thumb Code    16  FilePath.o(i._ZN4mbed8FilePath12isFileSystemEv)
    mbed::FilePath::file()                   0x00005409   Thumb Code    22  FilePath.o(i._ZN4mbed8FilePath4fileEv)
    mbed::FilePath::isFile()                 0x0000541f   Thumb Code    20  FilePath.o(i._ZN4mbed8FilePath6isFileEv)
    mbed::FilePath::fileName()               0x00005433   Thumb Code     4  FilePath.o(i._ZN4mbed8FilePath8fileNameEv)
    mbed::FilePath::FilePath(const char*)    0x00005437   Thumb Code    76  FilePath.o(i._ZN4mbed8FilePathC1EPKc)
    mbed::FilePath::FilePath__sub_object(const char*) 0x00005437   Thumb Code     0  FilePath.o(i._ZN4mbed8FilePathC1EPKc)
    mbed::CallChain::common_add(mbed::FunctionPointer*) 0x00005483   Thumb Code    28  CallChain.o(i._ZN4mbed9CallChain10common_addEPNS_15FunctionPointerE)
    mbed::CallChain::_check_size()           0x0000549f   Thumb Code    68  CallChain.o(i._ZN4mbed9CallChain11_check_sizeEv)
    mbed::CallChain::add(void(*)())          0x000054e3   Thumb Code    28  CallChain.o(i._ZN4mbed9CallChain3addEPFvvE)
    mbed::CallChain::call()                  0x000054ff   Thumb Code    28  CallChain.o(i._ZN4mbed9CallChain4callEv)
    mbed::CallChain::clear()                 0x0000551b   Thumb Code    40  CallChain.o(i._ZN4mbed9CallChain5clearEv)
    mbed::CallChain::CallChain(int)          0x00005545   Thumb Code    36  CallChain.o(i._ZN4mbed9CallChainC1Ei)
    mbed::CallChain::CallChain__sub_object(int) 0x00005545   Thumb Code     0  CallChain.o(i._ZN4mbed9CallChainC1Ei)
    mbed::CallChain::~CallChain()            0x0000556d   Thumb Code    24  CallChain.o(i._ZN4mbed9CallChainD1Ev)
    mbed::CallChain::~CallChain__sub_object() 0x0000556d   Thumb Code     0  CallChain.o(i._ZN4mbed9CallChainD1Ev)
    operator delete (void*)                  0x00005589   Thumb Code     8  delete.o(i._ZdlPv)
    operator new[] (unsigned)                0x00005591   Thumb Code     8  array_new.o(i._Znaj)
    operator new(unsigned)                   0x00005599   Thumb Code    36  new.o(i._Znwj)
    __ARM_common_ll_muluu                    0x000055c1   Thumb Code    48  btod.o(i.__ARM_common_ll_muluu)
    __ARM_common_switch8                     0x000055f1   Thumb Code    26  tfc.o(i.__ARM_common_switch8)
    __ARM_fpclassify                         0x0000560d   Thumb Code    38  fpclassify.o(i.__ARM_fpclassify)
    __aeabi_atexit                           0x00005639   Thumb Code    44  aeabi_atexit.o(i.__aeabi_atexit)
    __aeabi_vec_ctor_nocookie_nodtor         0x00005665   Thumb Code    32  aeabi_vec_ctor_nocookie_nodtor.o(i.__aeabi_vec_ctor_nocookie_nodtor)
    __cxa_finalize                           0x00005685   Thumb Code    66  cxa_finalize.o(i.__cxa_finalize)
    __cxa_pure_virtual                       0x000056c7   Thumb Code    10  pure_virt.o(i.__cxa_pure_virtual)
    __user_setup_stackheap                   0x000056d1   Thumb Code    10  sys.o(i.__user_setup_stackheap)
    _is_digit                                0x000056e1   Thumb Code    14  __printf_wp.o(i._is_digit)
    _sys_close                               0x000056f1   Thumb Code    38  retarget.o(i._sys_close)
    _sys_flen                                0x0000571d   Thumb Code    34  retarget.o(i._sys_flen)
    _sys_istty                               0x00005745   Thumb Code    34  retarget.o(i._sys_istty)
    _sys_open                                0x0000576d   Thumb Code   234  retarget.o(i._sys_open)
    _sys_seek                                0x00005865   Thumb Code    36  retarget.o(i._sys_seek)
    _sys_write                               0x0000588d   Thumb Code    76  retarget.o(i._sys_write)
    exit                                     0x000058e5   Thumb Code    24  exit.o(i.exit)
    fputc                                    0x000058fd   Thumb Code    30  fputc.o(i.fputc)
    gpio_dir                                 0x0000591b   Thumb Code    30  gpio_api.o(i.gpio_dir)
    gpio_init                                0x00005939   Thumb Code    76  gpio_api.o(i.gpio_init)
    gpio_set                                 0x00005989   Thumb Code    20  gpio_api.o(i.gpio_set)
    mbed_die                                 0x00005a11   Thumb Code    42  board.o(i.mbed_die)
    mbed_interface_connected                 0x00005a41   Thumb Code     8  mbed_interface.o(i.mbed_interface_connected)
    mbed_main                                0x00005a49   Thumb Code     2  retarget.o(i.mbed_main)
    pin_function                             0x00005a4d   Thumb Code    54  pinmap.o(i.pin_function)
    pin_mode                                 0x00005a8d   Thumb Code    20  pinmap.o(i.pin_mode)
    pinmap_merge                             0x00005aa5   Thumb Code    32  pinmap_common.o(i.pinmap_merge)
    pinmap_peripheral                        0x00005add   Thumb Code    42  pinmap_common.o(i.pinmap_peripheral)
    pinmap_pinout                            0x00005b2d   Thumb Code    56  pinmap_common.o(i.pinmap_pinout)
    semihost_connected                       0x00005b7d   Thumb Code     6  semihost_api.o(i.semihost_connected)
    semihost_exit                            0x00005b89   Thumb Code    12  semihost_api.o(i.semihost_exit)
    serial_baud                              0x00005b95   Thumb Code    70  serial_api.o(i.serial_baud)
    serial_format                            0x00005be9   Thumb Code   186  serial_api.o(i.serial_format)
    serial_init                              0x00005d5d   Thumb Code   250  serial_api.o(i.serial_init)
    serial_irq_handler                       0x00005e95   Thumb Code    14  serial_api.o(i.serial_irq_handler)
    serial_putc                              0x00005ead   Thumb Code    22  serial_api.o(i.serial_putc)
    serial_writable                          0x00005ec3   Thumb Code    26  serial_api.o(i.serial_writable)
    us_ticker_clear_interrupt                0x00005edd   Thumb Code     2  us_ticker.o(i.us_ticker_clear_interrupt)
    us_ticker_disable_interrupt              0x00005ee1   Thumb Code    12  us_ticker.o(i.us_ticker_disable_interrupt)
    us_ticker_init                           0x00005ef1   Thumb Code    90  us_ticker.o(i.us_ticker_init)
    us_ticker_insert_event                   0x00005f69   Thumb Code    54  us_ticker_api.o(i.us_ticker_insert_event)
    us_ticker_irq_handler                    0x00005fa5   Thumb Code    58  us_ticker_api.o(i.us_ticker_irq_handler)
    us_ticker_read                           0x00005fe5   Thumb Code    22  us_ticker.o(i.us_ticker_read)
    us_ticker_remove_event                   0x00006005   Thumb Code    50  us_ticker_api.o(i.us_ticker_remove_event)
    us_ticker_set_handler                    0x0000603d   Thumb Code    14  us_ticker_api.o(i.us_ticker_set_handler)
    us_ticker_set_interrupt                  0x00006051   Thumb Code    58  us_ticker.o(i.us_ticker_set_interrupt)
    wait_ms                                  0x00006095   Thumb Code    14  wait_api.o(i.wait_ms)
    wait_us                                  0x000060a3   Thumb Code    22  wait_api.o(i.wait_us)
    _get_lc_numeric                          0x000060b9   Thumb Code    44  lc_numeric_c.o(locale$$code)
    _get_lc_ctype                            0x000060e5   Thumb Code    44  lc_ctype_c.o(locale$$code)
    __aeabi_fadd                             0x00006111   Thumb Code     0  faddsub.o(x$fpl$fadd)
    _fadd                                    0x00006111   Thumb Code   134  faddsub.o(x$fpl$fadd)
    __aeabi_cfcmple                          0x0000619d   Thumb Code     0  flef.o(x$fpl$fleqf)
    _fcmple                                  0x0000619d   Thumb Code    78  flef.o(x$fpl$fleqf)
    __aeabi_fmul                             0x000061f1   Thumb Code     0  fmul.o(x$fpl$fmul)
    _fmul                                    0x000061f1   Thumb Code   172  fmul.o(x$fpl$fmul)
    __aeabi_cfrcmple                         0x000062a1   Thumb Code     0  frlef.o(x$fpl$frleqf)
    _frcmple                                 0x000062a1   Thumb Code    84  frlef.o(x$fpl$frleqf)
    __aeabi_frsub                            0x000062f9   Thumb Code     0  faddsub.o(x$fpl$frsb)
    _frsb                                    0x000062f9   Thumb Code    24  faddsub.o(x$fpl$frsb)
    __aeabi_fsub                             0x00006311   Thumb Code     0  faddsub.o(x$fpl$fsub)
    _fsub                                    0x00006311   Thumb Code   204  faddsub.o(x$fpl$fsub)
    _printf_fp_dec                           0x000063e1   Thumb Code    16  printf1.o(x$fpl$printf1)
    __I$use$fp                               0x000063f0   Number         0  usenofp.o(x$fpl$usenofp)
    __stdin_name                             0x000063f0   Data           7  retarget.o(.constdata)
    __stdout_name                            0x000063f7   Data           8  retarget.o(.constdata)
    __stderr_name                            0x000063ff   Data           8  retarget.o(.constdata)
    vtable for mbed::FileHandle              0x00006678   Data          44  retarget.o(.constdata__ZTVN4mbed10FileHandleE)
    vtable for mbed::TimerEvent              0x000066a4   Data          20  TimerEvent.o(.constdata__ZTVN4mbed10TimerEventE)
    vtable for mbed::Serial                  0x000066b8   Data          68  Serial.o(.constdata__ZTVN4mbed6SerialE)
    vtable for mbed::Stream                  0x000066fc   Data          68  Stream.o(.constdata__ZTVN4mbed6StreamE)
    vtable for mbed::Ticker                  0x00006740   Data          20  Ticker.o(.constdata__ZTVN4mbed6TickerE)
    vtable for mbed::FileBase                0x00006754   Data          16  FileBase.o(.constdata__ZTVN4mbed8FileBaseE)
    vtable for mbed::FileLike                0x00006764   Data          60  FileLike.o(.constdata__ZTVN4mbed8FileLikeE)
    vtable for mbed::CallChain               0x000067a0   Data          16  CallChain.o(.constdata__ZTVN4mbed9CallChainE)
    Region$$Table$$Base                      0x000067b0   Number         0  anon$$obj.o(Region$$Table)
    Region$$Table$$Limit                     0x000067d0   Number         0  anon$$obj.o(Region$$Table)
    __ctype                                  0x000067f9   Data           0  lc_ctype_c.o(locale$$data)
    SHT$$INIT_ARRAY$$Base                    0x000068fc   Number         0  common.o(.init_array)
    SHT$$INIT_ARRAY$$Limit                   0x00006900   Number         0  common.o(.init_array)
    t                                        0x1ffff0c0   Data           4  main.o(.data)
    i                                        0x1ffff0c4   Data           4  main.o(.data)
    ReadPot0                                 0x1ffff0c8   Data           4  main.o(.data)
    ReadPot1                                 0x1ffff0cc   Data           4  main.o(.data)
    go                                       0x1ffff0d0   Data           1  spices.o(.data)
    killSwitch                               0x1ffff0d1   Data           1  spices.o(.data)
    startGateStop                            0x1ffff0d2   Data           1  spices.o(.data)
    doRisky                                  0x1ffff0d3   Data           1  spices.o(.data)
    CurrentTrackStatus                       0x1ffff0d4   Data           1  spices.o(.data)
    LastTrackStatus                          0x1ffff0d5   Data           1  spices.o(.data)
    numNegEdges                              0x1ffff0d6   Data           2  spices.o(.data)
    numPosEdges                              0x1ffff0d8   Data           2  spices.o(.data)
    MaxLightIntensity                        0x1ffff0da   Data           2  spices.o(.data)
    MinLightIntensity                        0x1ffff0dc   Data           2  spices.o(.data)
    startRaceTicker                          0x1ffff0de   Data           2  spices.o(.data)
    maxDerVal                                0x1ffff0e0   Data           4  spices.o(.data)
    minDerVal                                0x1ffff0e4   Data           4  spices.o(.data)
    aveDerVal                                0x1ffff0e8   Data           4  spices.o(.data)
    DerivThreshold                           0x1ffff0ec   Data           4  spices.o(.data)
    targetPosition                           0x1ffff0f0   Data           4  spices.o(.data)
    CurrentLinePosError                      0x1ffff0f4   Data           4  spices.o(.data)
    LastLinePosError                         0x1ffff0f8   Data           4  spices.o(.data)
    SumLinePosError                          0x1ffff0fc   Data           4  spices.o(.data)
    DerivError                               0x1ffff100   Data           4  spices.o(.data)
    CurrentSteerSetting                      0x1ffff104   Data           4  spices.o(.data)
    CurrentLeftDriveSetting                  0x1ffff108   Data           4  spices.o(.data)
    CurrentRightDriveSetting                 0x1ffff10c   Data           4  spices.o(.data)
    StartGateFoundCount                      0x1ffff110   Data           4  spices.o(.data)
    UnknownCount                             0x1ffff114   Data           4  spices.o(.data)
    terminalOutput                           0x1ffff118   Data           4  spices.o(.data)
    start                                    0x1ffff11c   Data           4  spices.o(.data)
    CurrentLinePosition                      0x1ffff120   Data           4  spices.o(.data)
    LastLinePosition                         0x1ffff124   Data           4  spices.o(.data)
    AbsError                                 0x1ffff128   Data           4  spices.o(.data)
    MaxSpeed                                 0x1ffff12c   Data           4  spices.o(.data)
    LineScanWorkingBuffer                    0x1ffff130   Data           1  tfc.o(.data)
    TFC_LineScanImageReady                   0x1ffff131   Data           1  tfc.o(.data)
    CurrentLineScanPixel                     0x1ffff132   Data           1  tfc.o(.data)
    CurrentLineScanChannel                   0x1ffff133   Data           1  tfc.o(.data)
    QueuedServo0Val                          0x1ffff134   Data           2  tfc.o(.data)
    QueuedServo1Val                          0x1ffff136   Data           2  tfc.o(.data)
    BatSenseADC_Value                        0x1ffff138   Data           2  tfc.o(.data)
    CurrentADC_State                         0x1ffff13a   Data           2  tfc.o(.data)
    _ServoDutyCycleMin                       0x1ffff13c   Data           4  tfc.o(.data)
    _ServoDutyCycleMax                       0x1ffff140   Data           4  tfc.o(.data)
    _ServoPeriod                             0x1ffff144   Data           4  tfc.o(.data)
    LineScanImage0WorkingBuffer              0x1ffff148   Data           4  tfc.o(.data)
    LineScanImage1WorkingBuffer              0x1ffff14c   Data           4  tfc.o(.data)
    TFC_LineScanImage0                       0x1ffff150   Data           4  tfc.o(.data)
    TFC_LineScanImage1                       0x1ffff154   Data           4  tfc.o(.data)
    PotADC_Value                             0x1ffff158   Data           4  tfc.o(.data)
    TFC_ServoTicker                          0x1ffff15c   Data           4  tfc.o(.data)
    SystemCoreClock                          0x1ffff160   Data           4  system_MKL25Z4.o(.data)
    stdio_uart_inited                        0x1ffff164   Data           4  serial_api.o(.data)
    stdio_uart                               0x1ffff16c   Data           8  serial_api.o(.data)
    mbed::FileBase::_head                    0x1ffff188   Data           4  FileBase.o(.data)
    __aeabi_stdin                            0x1ffff190   Data           4  stdio_streams.o(.data)
    __aeabi_stdout                           0x1ffff194   Data           4  stdio_streams.o(.data)
    __aeabi_stderr                           0x1ffff198   Data           4  stdio_streams.o(.data)
    PC                                       0x1ffff1a0   Data          68  common.o(.bss)
    TFC_TickerObj                            0x1ffff1e4   Data          36  common.o(.bss)
    TFC_Ticker                               0x1ffff208   Data          16  common.o(.bss)
    GrabLineScanImage0                       0x1ffff218   Data         256  spices.o(.bss)
    InvLineScanImage0                        0x1ffff318   Data         512  spices.o(.bss)
    DerivLineScanImage0                      0x1ffff518   Data         512  spices.o(.bss)
    NegEdges                                 0x1ffff718   Data         512  spices.o(.bss)
    PosEdges                                 0x1ffff918   Data         512  spices.o(.bss)
    LineScanImage0Buffer                     0x1ffffb18   Data         512  tfc.o(.bss)
    LineScanImage1Buffer                     0x1ffffd18   Data         512  tfc.o(.bss)
    __stdin                                  0x1fffff64   Data          84  stdio_streams.o(.bss)
    __stdout                                 0x1fffffb8   Data          84  stdio_streams.o(.bss)
    __stderr                                 0x2000000c   Data          84  stdio_streams.o(.bss)
    Image$$RW_IRAM1$$ZI$$Limit               0x20000088   Number         0  rt_eh_globals_addr.o(.bss)



==============================================================================

Memory Map of the image

  Image Entry point : 0x000000c1

  Load Region LR_IROM1 (Base: 0x00000000, Size: 0x000069e0, Max: 0x00020000, ABSOLUTE)

    Execution Region ER_IROM1 (Base: 0x00000000, Size: 0x00006900, Max: 0x00020000, ABSOLUTE)

    Base Addr    Size         Type   Attr      Idx    E Section Name        Object

    0x00000000   0x000000c0   Data   RO          428    RESET               startup_MKL25Z4.o
    0x000000c0   0x00000008   Code   RO         1195  * !!!main             c_p.l(__main.o)
    0x000000c8   0x0000003c   Code   RO         1961    !!!scatter          c_p.l(__scatter.o)
    0x00000104   0x0000001a   Code   RO         1963    !!handler_copy      c_p.l(__scatter_copy.o)
    0x0000011e   0x00000002   PAD
    0x00000120   0x0000001c   Code   RO         1965    !!handler_zi        c_p.l(__scatter_zi.o)
    0x0000013c   0x00000002   Code   RO         1129    .ARM.Collect$$_printf_percent$$00000000  c_p.l(_printf_percent.o)
    0x0000013e   0x0000000a   Code   RO         1472    .ARM.Collect$$_printf_percent$$00000001  c_p.l(_printf_n.o)
    0x00000148   0x0000000a   Code   RO         1127    .ARM.Collect$$_printf_percent$$00000002  c_p.l(_printf_p.o)
    0x00000152   0x0000000a   Code   RO         1477    .ARM.Collect$$_printf_percent$$00000003  c_p.l(_printf_f.o)
    0x0000015c   0x0000000a   Code   RO         1478    .ARM.Collect$$_printf_percent$$00000004  c_p.l(_printf_e.o)
    0x00000166   0x0000000a   Code   RO         1479    .ARM.Collect$$_printf_percent$$00000005  c_p.l(_printf_g.o)
    0x00000170   0x0000000a   Code   RO         1480    .ARM.Collect$$_printf_percent$$00000006  c_p.l(_printf_a.o)
    0x0000017a   0x0000000a   Code   RO         1485    .ARM.Collect$$_printf_percent$$00000007  c_p.l(_printf_ll.o)
    0x00000184   0x0000000a   Code   RO         1475    .ARM.Collect$$_printf_percent$$00000008  c_p.l(_printf_i.o)
    0x0000018e   0x0000000a   Code   RO         1128    .ARM.Collect$$_printf_percent$$00000009  c_p.l(_printf_d.o)
    0x00000198   0x0000000a   Code   RO         1476    .ARM.Collect$$_printf_percent$$0000000A  c_p.l(_printf_u.o)
    0x000001a2   0x0000000a   Code   RO         1474    .ARM.Collect$$_printf_percent$$0000000B  c_p.l(_printf_o.o)
    0x000001ac   0x0000000a   Code   RO         1473    .ARM.Collect$$_printf_percent$$0000000C  c_p.l(_printf_x.o)
    0x000001b6   0x0000000a   Code   RO         1482    .ARM.Collect$$_printf_percent$$0000000D  c_p.l(_printf_lli.o)
    0x000001c0   0x0000000a   Code   RO         1483    .ARM.Collect$$_printf_percent$$0000000E  c_p.l(_printf_lld.o)
    0x000001ca   0x0000000a   Code   RO         1484    .ARM.Collect$$_printf_percent$$0000000F  c_p.l(_printf_llu.o)
    0x000001d4   0x0000000a   Code   RO         1489    .ARM.Collect$$_printf_percent$$00000010  c_p.l(_printf_llo.o)
    0x000001de   0x0000000a   Code   RO         1490    .ARM.Collect$$_printf_percent$$00000011  c_p.l(_printf_llx.o)
    0x000001e8   0x0000000a   Code   RO         1486    .ARM.Collect$$_printf_percent$$00000012  c_p.l(_printf_l.o)
    0x000001f2   0x0000000a   Code   RO         1470    .ARM.Collect$$_printf_percent$$00000013  c_p.l(_printf_c.o)
    0x000001fc   0x0000000a   Code   RO         1471    .ARM.Collect$$_printf_percent$$00000014  c_p.l(_printf_s.o)
    0x00000206   0x0000000a   Code   RO         1487    .ARM.Collect$$_printf_percent$$00000015  c_p.l(_printf_lc.o)
    0x00000210   0x0000000a   Code   RO         1488    .ARM.Collect$$_printf_percent$$00000016  c_p.l(_printf_ls.o)
    0x0000021a   0x00000004   Code   RO         1481    .ARM.Collect$$_printf_percent$$00000017  c_p.l(_printf_percent_end.o)
    0x0000021e   0x00000002   Code   RO         1846    .ARM.Collect$$libinit$$00000000  c_p.l(libinit.o)
    0x00000220   0x00000004   Code   RO         1538    .ARM.Collect$$libinit$$00000001  c_p.l(libinit2.o)
    0x00000224   0x00000008   Code   RO         1540    .ARM.Collect$$libinit$$00000003  c_p.l(libinit2.o)
    0x0000022c   0x00000000   Code   RO         1542    .ARM.Collect$$libinit$$00000008  c_p.l(libinit2.o)
    0x0000022c   0x00000000   Code   RO         1544    .ARM.Collect$$libinit$$0000000A  c_p.l(libinit2.o)
    0x0000022c   0x00000000   Code   RO         1546    .ARM.Collect$$libinit$$0000000C  c_p.l(libinit2.o)
    0x0000022c   0x00000006   Code   RO         1547    .ARM.Collect$$libinit$$0000000D  c_p.l(libinit2.o)
    0x00000232   0x00000000   Code   RO         1549    .ARM.Collect$$libinit$$0000000F  c_p.l(libinit2.o)
    0x00000232   0x0000000c   Code   RO         1550    .ARM.Collect$$libinit$$00000010  c_p.l(libinit2.o)
    0x0000023e   0x00000000   Code   RO         1551    .ARM.Collect$$libinit$$00000011  c_p.l(libinit2.o)
    0x0000023e   0x00000000   Code   RO         1553    .ARM.Collect$$libinit$$00000013  c_p.l(libinit2.o)
    0x0000023e   0x0000000a   Code   RO         1554    .ARM.Collect$$libinit$$00000014  c_p.l(libinit2.o)
    0x00000248   0x00000000   Code   RO         1555    .ARM.Collect$$libinit$$00000015  c_p.l(libinit2.o)
    0x00000248   0x00000000   Code   RO         1557    .ARM.Collect$$libinit$$00000017  c_p.l(libinit2.o)
    0x00000248   0x00000000   Code   RO         1559    .ARM.Collect$$libinit$$00000019  c_p.l(libinit2.o)
    0x00000248   0x00000000   Code   RO         1561    .ARM.Collect$$libinit$$0000001B  c_p.l(libinit2.o)
    0x00000248   0x00000000   Code   RO         1563    .ARM.Collect$$libinit$$0000001D  c_p.l(libinit2.o)
    0x00000248   0x00000000   Code   RO         1565    .ARM.Collect$$libinit$$0000001F  c_p.l(libinit2.o)
    0x00000248   0x00000000   Code   RO         1567    .ARM.Collect$$libinit$$00000021  c_p.l(libinit2.o)
    0x00000248   0x00000004   Code   RO         1568    .ARM.Collect$$libinit$$00000022  c_p.l(libinit2.o)
    0x0000024c   0x00000000   Code   RO         1569    .ARM.Collect$$libinit$$00000023  c_p.l(libinit2.o)
    0x0000024c   0x00000000   Code   RO         1573    .ARM.Collect$$libinit$$0000002A  c_p.l(libinit2.o)
    0x0000024c   0x00000000   Code   RO         1575    .ARM.Collect$$libinit$$0000002C  c_p.l(libinit2.o)
    0x0000024c   0x00000000   Code   RO         1577    .ARM.Collect$$libinit$$0000002E  c_p.l(libinit2.o)
    0x0000024c   0x00000004   Code   RO         1578    .ARM.Collect$$libinit$$0000002F  c_p.l(libinit2.o)
    0x00000250   0x00000000   Code   RO         1579    .ARM.Collect$$libinit$$00000030  c_p.l(libinit2.o)
    0x00000250   0x00000002   Code   RO         1580    .ARM.Collect$$libinit$$00000031  c_p.l(libinit2.o)
    0x00000252   0x00000006   Code   RO         1581    .ARM.Collect$$libshutdown$$00000001  c_p.l(libshutdown2.o)
    0x00000258   0x00000000   Code   RO         1583    .ARM.Collect$$libshutdown$$00000003  c_p.l(libshutdown2.o)
    0x00000258   0x00000000   Code   RO         1366    .ARM.Collect$$rtentry$$00000000  c_p.l(rtentry.o)
    0x00000258   0x00000000   Code   RO         1645    .ARM.Collect$$rtentry$$00000002  c_p.l(rtentry2.o)
    0x00000258   0x00000006   Code   RO         1657    .ARM.Collect$$rtentry$$00000004  c_p.l(rtentry4.o)
    0x0000025e   0x00000000   Code   RO         1647    .ARM.Collect$$rtentry$$00000009  c_p.l(rtentry2.o)
    0x0000025e   0x00000004   Code   RO         1648    .ARM.Collect$$rtentry$$0000000A  c_p.l(rtentry2.o)
    0x00000262   0x00000000   Code   RO         1650    .ARM.Collect$$rtentry$$0000000C  c_p.l(rtentry2.o)
    0x00000262   0x00000008   Code   RO         1651    .ARM.Collect$$rtentry$$0000000D  c_p.l(rtentry2.o)
    0x0000026a   0x00000002   PAD
    0x0000026c   0x00000038   Code   RO         1179    .emb_text           c_p.l(rt_memcpy.o)
    0x000002a4   0x00000000   Code   RO         1796    .emb_text           c_p.l(maybetermalloc1.o)
    0x000002a4   0x0000004c   Code   RO          262    .text               common.o
    0x000002f0   0x0000001c   Code   RO          430    .text               startup_MKL25Z4.o
    0x0000030c   0x0000000e   Code   RO         1072    .text               c_p.l(c89vfprintf.o)
    0x0000031a   0x00000016   Code   RO         1074    .text               c_p.l(__2fprintf.o)
    0x00000330   0x0000002c   Code   RO         1076    .text               c_p.l(__2sprintf.o)
    0x0000035c   0x0000006c   Code   RO         1084    .text               c_p.l(_printf_dec.o)
    0x000003c8   0x0000001a   Code   RO         1152    .text               c_p.l(setbuf.o)
    0x000003e2   0x0000001c   Code   RO         1185    .text               c_p.l(memset.o)
    0x000003fe   0x00000002   Code   RO         1882    .text               c_p.l(use_no_semi.o)
    0x00000400   0x00000010   Code   RO          429    .ARM.__at_0x400     startup_MKL25Z4.o
    0x00000410   0x00000254   Code   RO            3    .text               main.o
    0x00000664   0x00000dcc   Code   RO          325    .text               spices.o
    0x00001430   0x00000714   Code   RO          375    .text               tfc.o
    0x00001b44   0x00000098   Code   RO         1104    .text               c_p.l(_printf_hex_int_ll_ptr.o)
    0x00001bdc   0x00000188   Code   RO         1124    .text               c_p.l(__printf_flags_ss_wp.o)
    0x00001d64   0x00000040   Code   RO         1132    .text               c_p.l(__0sscanf.o)
    0x00001da4   0x0000014a   Code   RO         1134    .text               c_p.l(_scanf_int.o)
    0x00001eee   0x00000002   PAD
    0x00001ef0   0x00000068   Code   RO         1136    .text               c_p.l(fflush.o)
    0x00001f58   0x000000e8   Code   RO         1150    .text               c_p.l(fopen.o)
    0x00002040   0x0000004c   Code   RO         1160    .text               c_p.l(fclose.o)
    0x0000208c   0x00000044   Code   RO         1175    .text               c_p.l(strlen.o)
    0x000020d0   0x000000a0   Code   RO         1177    .text               c_p.l(strncmp.o)
    0x00002170   0x00000088   Code   RO         1189    .text               c_p.l(strcmp.o)
    0x000021f8   0x0000015a   Code   RO         1191    .text               c_p.l(aeabi_sdiv.o)
    0x00002352   0x00000002   PAD
    0x00002354   0x00000024   Code   RO         1200    .text               c_p.l(init_aeabi.o)
    0x00002378   0x00000022   Code   RO         1223    .text               cpprt_p.l(aeabi_vec_dtor_noexceptions.o)
    0x0000239a   0x00000002   PAD
    0x0000239c   0x0000007c   Code   RO         1326    .text               fz_ps.l(d2f.o)
    0x00002418   0x0000034c   Code   RO         1328    .text               fz_ps.l(daddsub.o)
    0x00002764   0x0000044c   Code   RO         1330    .text               fz_ps.l(ddiv.o)
    0x00002bb0   0x00000058   Code   RO         1333    .text               fz_ps.l(dflti.o)
    0x00002c08   0x00000258   Code   RO         1335    .text               fz_ps.l(dmul.o)
    0x00002e60   0x0000005c   Code   RO         1337    .text               fz_ps.l(dscalbn.o)
    0x00002ebc   0x00000058   Code   RO         1339    .text               fz_ps.l(f2d.o)
    0x00002f14   0x00000160   Code   RO         1347    .text               fz_ps.l(fdiv.o)
    0x00003074   0x00000030   Code   RO         1352    .text               fz_ps.l(ffixui.o)
    0x000030a4   0x0000005e   Code   RO         1354    .text               fz_ps.l(fflti.o)
    0x00003102   0x00000002   PAD
    0x00003104   0x00000044   Code   RO         1362    .text               fz_ps.l(fscalbn.o)
    0x00003148   0x00000008   Code   RO         1371    .text               c_p.l(rt_new_handler_addr.o)
    0x00003150   0x00000008   Code   RO         1376    .text               c_p.l(rt_ddtor_pointer_addr.o)
    0x00003158   0x00000062   Code   RO         1385    .text               c_p.l(h1_alloc.o)
    0x000031ba   0x0000004c   Code   RO         1387    .text               c_p.l(h1_free.o)
    0x00003206   0x0000004e   Code   RO         1443    .text               c_p.l(_printf_pad.o)
    0x00003254   0x00000024   Code   RO         1445    .text               c_p.l(_printf_truncate.o)
    0x00003278   0x00000052   Code   RO         1447    .text               c_p.l(_printf_str.o)
    0x000032ca   0x000000b0   Code   RO         1449    .text               c_p.l(_printf_intcommon.o)
    0x0000337a   0x00000028   Code   RO         1451    .text               c_p.l(_printf_charcount.o)
    0x000033a2   0x00000002   PAD
    0x000033a4   0x00000030   Code   RO         1453    .text               c_p.l(_printf_char_common.o)
    0x000033d4   0x0000000a   Code   RO         1455    .text               c_p.l(_sputc.o)
    0x000033de   0x00000002   PAD
    0x000033e0   0x00000028   Code   RO         1457    .text               c_p.l(_printf_char_file.o)
    0x00003408   0x000000bc   Code   RO         1459    .text               c_p.l(_printf_wctomb.o)
    0x000034c4   0x00000070   Code   RO         1462    .text               c_p.l(_printf_longlong_dec.o)
    0x00003534   0x00000070   Code   RO         1468    .text               c_p.l(_printf_oct_int_ll.o)
    0x000035a4   0x0000001e   Code   RO         1491    .text               c_p.l(_chval.o)
    0x000035c2   0x00000002   PAD
    0x000035c4   0x00000030   Code   RO         1497    .text               c_p.l(scanf_char.o)
    0x000035f4   0x00000044   Code   RO         1499    .text               c_p.l(_sgetc.o)
    0x00003638   0x00000008   Code   RO         1509    .text               c_p.l(ferror.o)
    0x00003640   0x000001f0   Code   RO         1513    .text               c_p.l(flsbuf.o)
    0x00003830   0x000000f4   Code   RO         1515    .text               c_p.l(fseek.o)
    0x00003924   0x0000004c   Code   RO         1517    .text               c_p.l(setvbuf.o)
    0x00003970   0x000000f0   Code   RO         1519    .text               c_p.l(stdio.o)
    0x00003a60   0x0000013c   Code   RO         1522    .text               c_p.l(initio.o)
    0x00003b9c   0x0000000c   Code   RO         1530    .text               c_p.l(defsig_pvfn_outer.o)
    0x00003ba8   0x00000040   Code   RO         1534    .text               c_p.l(rt_memclr.o)
    0x00003be8   0x00000028   Code   RO         1536    .text               c_p.l(rtudiv10.o)
    0x00003c10   0x00000008   Code   RO         1605    .text               cpprt_p.l(arm_newhandler_noexceptions.o)
    0x00003c18   0x00000064   Code   RO         1634    .text               fz_ps.l(fcmpin.o)
    0x00003c7c   0x00000008   Code   RO         1663    .text               c_p.l(rt_heap_descriptor.o)
    0x00003c84   0x00000004   Code   RO         1668    .text               c_p.l(hguard.o)
    0x00003c88   0x00000088   Code   RO         1670    .text               c_p.l(init_alloc.o)
    0x00003d10   0x0000000e   Code   RO         1674    .text               c_p.l(h1_init.o)
    0x00003d1e   0x0000007a   Code   RO         1690    .text               c_p.l(lludiv10.o)
    0x00003d98   0x00000012   Code   RO         1692    .text               c_p.l(isspace.o)
    0x00003daa   0x00000002   PAD
    0x00003dac   0x00000414   Code   RO         1694    .text               c_p.l(_printf_fp_dec.o)
    0x000041c0   0x0000002e   Code   RO         1698    .text               c_p.l(_printf_char.o)
    0x000041ee   0x0000002e   Code   RO         1702    .text               c_p.l(_printf_wchar.o)
    0x0000421c   0x0000038c   Code   RO         1704    .text               c_p.l(_scanf.o)
    0x000045a8   0x00000042   Code   RO         1714    .text               c_p.l(ftell.o)
    0x000045ea   0x00000044   Code   RO         1740    .text               c_p.l(_wcrtomb.o)
    0x0000462e   0x0000000c   Code   RO         1742    .text               c_p.l(defsig_exit.o)
    0x0000463a   0x0000000c   Code   RO         1744    .text               c_p.l(defsig_rtred_outer.o)
    0x00004646   0x00000002   PAD
    0x00004648   0x00000030   Code   RO         1748    .text               c_p.l(defsig_pvfn_inner.o)
    0x00004678   0x0000001c   Code   RO         1758    .text               cpprt_p.l(arm_exceptions_terminate.o)
    0x00004694   0x00000030   Code   RO         1774    .text               fz_ps.l(cmpret.o)
    0x000046c4   0x00000010   Code   RO         1776    .text               fz_ps.l(fnan2.o)
    0x000046d4   0x0000000c   Code   RO         1780    .text               c_p.l(sys_exit.o)
    0x000046e0   0x00000010   Code   RO         1782    .text               c_p.l(rt_ctype_table.o)
    0x000046f0   0x00000008   Code   RO         1784    .text               c_p.l(rt_locale.o)
    0x000046f8   0x00000008   Code   RO         1789    .text               c_p.l(rt_errno_addr.o)
    0x00004700   0x00000034   Code   RO         1798    .text               c_p.l(h1_extend.o)
    0x00004734   0x00000088   Code   RO         1802    .text               c_p.l(_printf_fp_infnan.o)
    0x000047bc   0x000000cc   Code   RO         1804    .text               c_p.l(bigflt0.o)
    0x00004888   0x000004a8   Code   RO         1807    .text               c_p.l(btod.o)
    0x00004d30   0x00000010   Code   RO         1816    .text               c_p.l(abort.o)
    0x00004d40   0x00000034   Code   RO         1820    .text               c_p.l(defsig_general.o)
    0x00004d74   0x00000034   Code   RO         1826    .text               c_p.l(defsig_rtred_inner.o)
    0x00004da8   0x0000000c   Code   RO         1828    .text               c_p.l(defsig_rtmem_outer.o)
    0x00004db4   0x00000050   Code   RO         1832    .text               c_p.l(heapauxa.o)
    0x00004e04   0x00000054   Code   RO         1853    .text               cpprt_p.l(arm_exceptions_globs.o)
    0x00004e58   0x0000005e   Code   RO         1864    .text               fz_ps.l(retnan.o)
    0x00004eb6   0x0000000c   Code   RO         1880    .text               c_p.l(sys_wrch.o)
    0x00004ec2   0x00000000   Code   RO         1884    .text               c_p.l(indicate_semi.o)
    0x00004ec2   0x00000002   PAD
    0x00004ec4   0x00000008   Code   RO         1885    .text               c_p.l(rt_eh_globals_addr.o)
    0x00004ecc   0x0000000c   Code   RO         1903    .text               c_p.l(defsig_abrt_outer.o)
    0x00004ed8   0x00000050   Code   RO         1909    .text               c_p.l(defsig_rtmem_inner.o)
    0x00004f28   0x00000042   Code   RO         1913    .text               cpprt_p.l(arm_exceptions_mem.o)
    0x00004f6a   0x00000002   PAD
    0x00004f6c   0x00000030   Code   RO         1930    .text               c_p.l(defsig_abrt_inner.o)
    0x00004f9c   0x0000000c   Code   RO          434    i.$Sub$$main        retarget.o
    0x00004fa8   0x0000000a   Code   RO          723    i.<Func1>           mbed.ar(Serial.o)
    0x00004fb2   0x00000002   PAD
    0x00004fb4   0x00000038   Code   RO          420    i.NVIC_SetVector    cmsis_nvic.o
    0x00004fec   0x00000098   Code   RO          540    i.SystemInit        system_MKL25Z4.o
    0x00005084   0x00000020   Code   RO          435    i._Z11init_serialv  retarget.o
    0x000050a4   0x0000003a   Code   RO          531    i._ZN4mbed10FileHandle4flenEv  retarget.o
    0x000050de   0x00000002   PAD
    0x000050e0   0x00000028   Code   RO          437    i._ZN4mbed10FileHandleD2Ev  retarget.o
    0x00005108   0x00000006   Code   RO          862    i._ZN4mbed10TimerEvent3irqEj  mbed.ar(TimerEvent.o)
    0x0000510e   0x0000000c   Code   RO          863    i._ZN4mbed10TimerEvent6insertEj  mbed.ar(TimerEvent.o)
    0x0000511a   0x0000000a   Code   RO          864    i._ZN4mbed10TimerEvent6removeEv  mbed.ar(TimerEvent.o)
    0x00005124   0x0000001c   Code   RO          865    i._ZN4mbed10TimerEventC2Ev  mbed.ar(TimerEvent.o)
    0x00005140   0x00000018   Code   RO          867    i._ZN4mbed10TimerEventD2Ev  mbed.ar(TimerEvent.o)
    0x00005158   0x0000001a   Code   RO         1002    i._ZN4mbed15FunctionPointer4callEv  mbed.ar(FunctionPointer.o)
    0x00005172   0x00000008   Code   RO         1004    i._ZN4mbed15FunctionPointerC1EPFvvE  mbed.ar(FunctionPointer.o)
    0x0000517a   0x0000000e   Code   RO          725    i._ZN4mbed6Serial12_irq_handlerEj9SerialIrq  mbed.ar(Serial.o)
    0x00005188   0x00000010   Code   RO          728    i._ZN4mbed6Serial4baudEi  mbed.ar(Serial.o)
    0x00005198   0x0000000e   Code   RO          730    i._ZN4mbed6Serial5_putcEi  mbed.ar(Serial.o)
    0x000051a6   0x00000002   PAD
    0x000051a8   0x00000050   Code   RO          735    i._ZN4mbed6SerialC1E7PinNameS1_PKc  mbed.ar(Serial.o)
    0x000051f8   0x0000002c   Code   RO          279    i._ZN4mbed6SerialD1Ev  common.o
    0x00005224   0x00000004   Code   RO          779    i._ZN4mbed6Stream4flenEv  mbed.ar(Stream.o)
    0x00005228   0x00000004   Code   RO          785    i._ZN4mbed6Stream5closeEv  mbed.ar(Stream.o)
    0x0000522c   0x00000004   Code   RO          787    i._ZN4mbed6Stream5lseekEli  mbed.ar(Stream.o)
    0x00005230   0x00000024   Code   RO          789    i._ZN4mbed6Stream5writeEPKvj  mbed.ar(Stream.o)
    0x00005254   0x00000004   Code   RO          790    i._ZN4mbed6Stream6isattyEv  mbed.ar(Stream.o)
    0x00005258   0x00000020   Code   RO          791    i._ZN4mbed6Stream6printfEPKcz  mbed.ar(Stream.o)
    0x00005278   0x0000003c   Code   RO          792    i._ZN4mbed6StreamC2EPKc  mbed.ar(Stream.o)
    0x000052b4   0x00000020   Code   RO          794    i._ZN4mbed6StreamD2Ev  mbed.ar(Stream.o)
    0x000052d4   0x0000001c   Code   RO          842    i._ZN4mbed6Ticker5setupEj  mbed.ar(Ticker.o)
    0x000052f0   0x0000001a   Code   RO          844    i._ZN4mbed6Ticker7handlerEv  mbed.ar(Ticker.o)
    0x0000530a   0x00000002   PAD
    0x0000530c   0x00000018   Code   RO          282    i._ZN4mbed6TickerD1Ev  common.o
    0x00005324   0x00000004   Code   RO          951    i._ZN4mbed8FileBase11getPathTypeEv  mbed.ar(FileBase.o)
    0x00005328   0x0000003c   Code   RO          953    i._ZN4mbed8FileBase6lookupEPKcj  mbed.ar(FileBase.o)
    0x00005364   0x00000024   Code   RO          955    i._ZN4mbed8FileBaseC1EPKcNS_8PathTypeE  mbed.ar(FileBase.o)
    0x00005388   0x00000030   Code   RO          957    i._ZN4mbed8FileBaseD1Ev  mbed.ar(FileBase.o)
    0x000053b8   0x00000020   Code   RO          981    i._ZN4mbed8FileLikeC2EPKc  mbed.ar(FileLike.o)
    0x000053d8   0x00000010   Code   RO          983    i._ZN4mbed8FileLikeD2Ev  mbed.ar(FileLike.o)
    0x000053e8   0x00000010   Code   RO          641    i._ZN4mbed8FilePath10fileSystemEv  mbed.ar(FilePath.o)
    0x000053f8   0x00000010   Code   RO          642    i._ZN4mbed8FilePath12isFileSystemEv  mbed.ar(FilePath.o)
    0x00005408   0x00000016   Code   RO          643    i._ZN4mbed8FilePath4fileEv  mbed.ar(FilePath.o)
    0x0000541e   0x00000014   Code   RO          644    i._ZN4mbed8FilePath6isFileEv  mbed.ar(FilePath.o)
    0x00005432   0x00000004   Code   RO          645    i._ZN4mbed8FilePath8fileNameEv  mbed.ar(FilePath.o)
    0x00005436   0x0000004c   Code   RO          646    i._ZN4mbed8FilePathC1EPKc  mbed.ar(FilePath.o)
    0x00005482   0x0000001c   Code   RO          591    i._ZN4mbed9CallChain10common_addEPNS_15FunctionPointerE  mbed.ar(CallChain.o)
    0x0000549e   0x00000044   Code   RO          592    i._ZN4mbed9CallChain11_check_sizeEv  mbed.ar(CallChain.o)
    0x000054e2   0x0000001c   Code   RO          594    i._ZN4mbed9CallChain3addEPFvvE  mbed.ar(CallChain.o)
    0x000054fe   0x0000001c   Code   RO          595    i._ZN4mbed9CallChain4callEv  mbed.ar(CallChain.o)
    0x0000551a   0x00000028   Code   RO          596    i._ZN4mbed9CallChain5clearEv  mbed.ar(CallChain.o)
    0x00005542   0x00000002   PAD
    0x00005544   0x00000028   Code   RO          599    i._ZN4mbed9CallChainC1Ei  mbed.ar(CallChain.o)
    0x0000556c   0x0000001c   Code   RO          601    i._ZN4mbed9CallChainD1Ev  mbed.ar(CallChain.o)
    0x00005588   0x00000008   Code   RO         1207    i._ZdlPv            cpprt_p.l(delete.o)
    0x00005590   0x00000008   Code   RO         1203    i._Znaj             cpprt_p.l(array_new.o)
    0x00005598   0x00000028   Code   RO         1210    i._Znwj             cpprt_p.l(new.o)
    0x000055c0   0x00000030   Code   RO         1809    i.__ARM_common_ll_muluu  c_p.l(btod.o)
    0x000055f0   0x0000001a   Code   RO          395    i.__ARM_common_switch8  tfc.o
    0x0000560a   0x00000002   PAD
    0x0000560c   0x0000002c   Code   RO         1872    i.__ARM_fpclassify  m_ps.l(fpclassify.o)
    0x00005638   0x0000002c   Code   RO         1217    i.__aeabi_atexit    cpprt_p.l(aeabi_atexit.o)
    0x00005664   0x00000020   Code   RO         1220    i.__aeabi_vec_ctor_nocookie_nodtor  cpprt_p.l(aeabi_vec_ctor_nocookie_nodtor.o)
    0x00005684   0x00000042   Code   RO         1621    i.__cxa_finalize    cpprt_p.l(cxa_finalize.o)
    0x000056c6   0x0000000a   Code   RO         1214    i.__cxa_pure_virtual  cpprt_p.l(pure_virt.o)
    0x000056d0   0x00000010   Code   RO          425    i.__user_setup_stackheap  sys.o
    0x000056e0   0x0000000e   Code   RO         1117    i._is_digit         c_p.l(__printf_wp.o)
    0x000056ee   0x00000002   PAD
    0x000056f0   0x0000002c   Code   RO          438    i._sys_close        retarget.o
    0x0000571c   0x00000028   Code   RO          441    i._sys_flen         retarget.o
    0x00005744   0x00000028   Code   RO          442    i._sys_istty        retarget.o
    0x0000576c   0x000000f8   Code   RO          443    i._sys_open         retarget.o
    0x00005864   0x00000028   Code   RO          445    i._sys_seek         retarget.o
    0x0000588c   0x00000058   Code   RO          446    i._sys_write        retarget.o
    0x000058e4   0x00000018   Code   RO          916    i.exit              mbed.ar(exit.o)
    0x000058fc   0x0000001e   Code   RO         1145    i.fputc             c_p.l(fputc.o)
    0x0000591a   0x0000001e   Code   RO         1060    i.gpio_dir          mbed.ar(gpio_api.o)
    0x00005938   0x00000050   Code   RO         1061    i.gpio_init         mbed.ar(gpio_api.o)
    0x00005988   0x00000014   Code   RO         1063    i.gpio_set          mbed.ar(gpio_api.o)
    0x0000599c   0x00000010   Code   RO         1013    i.gpio_write        mbed.ar(board.o)
    0x000059ac   0x00000044   Code   RO          897    i.lptmr_isr         mbed.ar(us_ticker.o)
    0x000059f0   0x00000020   Code   RO          898    i.lptmr_set         mbed.ar(us_ticker.o)
    0x00005a10   0x00000030   Code   RO         1014    i.mbed_die          mbed.ar(board.o)
    0x00005a40   0x00000008   Code   RO         1021    i.mbed_interface_connected  mbed.ar(mbed_interface.o)
    0x00005a48   0x00000002   Code   RO          448    i.mbed_main         retarget.o
    0x00005a4a   0x00000002   PAD
    0x00005a4c   0x00000040   Code   RO          889    i.pin_function      mbed.ar(pinmap.o)
    0x00005a8c   0x00000018   Code   RO          890    i.pin_mode          mbed.ar(pinmap.o)
    0x00005aa4   0x00000038   Code   RO          922    i.pinmap_merge      mbed.ar(pinmap_common.o)
    0x00005adc   0x00000050   Code   RO          923    i.pinmap_peripheral  mbed.ar(pinmap_common.o)
    0x00005b2c   0x00000050   Code   RO          924    i.pinmap_pinout     mbed.ar(pinmap_common.o)
    0x00005b7c   0x0000000c   Code   RO         1041    i.semihost_connected  mbed.ar(semihost_api.o)
    0x00005b88   0x0000000c   Code   RO         1043    i.semihost_exit     mbed.ar(semihost_api.o)
    0x00005b94   0x00000054   Code   RO          548    i.serial_baud       mbed.ar(serial_api.o)
    0x00005be8   0x00000174   Code   RO          552    i.serial_format     mbed.ar(serial_api.o)
    0x00005d5c   0x00000138   Code   RO          555    i.serial_init       mbed.ar(serial_api.o)
    0x00005e94   0x00000018   Code   RO          556    i.serial_irq_handler  mbed.ar(serial_api.o)
    0x00005eac   0x00000016   Code   RO          559    i.serial_putc       mbed.ar(serial_api.o)
    0x00005ec2   0x0000001a   Code   RO          561    i.serial_writable   mbed.ar(serial_api.o)
    0x00005edc   0x00000002   Code   RO          899    i.us_ticker_clear_interrupt  mbed.ar(us_ticker.o)
    0x00005ede   0x00000002   PAD
    0x00005ee0   0x00000010   Code   RO          900    i.us_ticker_disable_interrupt  mbed.ar(us_ticker.o)
    0x00005ef0   0x00000078   Code   RO          901    i.us_ticker_init    mbed.ar(us_ticker.o)
    0x00005f68   0x0000003c   Code   RO          932    i.us_ticker_insert_event  mbed.ar(us_ticker_api.o)
    0x00005fa4   0x00000040   Code   RO          933    i.us_ticker_irq_handler  mbed.ar(us_ticker_api.o)
    0x00005fe4   0x00000020   Code   RO          902    i.us_ticker_read    mbed.ar(us_ticker.o)
    0x00006004   0x00000038   Code   RO          934    i.us_ticker_remove_event  mbed.ar(us_ticker_api.o)
    0x0000603c   0x00000014   Code   RO          935    i.us_ticker_set_handler  mbed.ar(us_ticker_api.o)
    0x00006050   0x00000044   Code   RO          903    i.us_ticker_set_interrupt  mbed.ar(us_ticker.o)
    0x00006094   0x0000000e   Code   RO          944    i.wait_ms           mbed.ar(wait_api.o)
    0x000060a2   0x00000016   Code   RO          945    i.wait_us           mbed.ar(wait_api.o)
    0x000060b8   0x0000002c   Code   RO         1814    locale$$code        c_p.l(lc_numeric_c.o)
    0x000060e4   0x0000002c   Code   RO         1899    locale$$code        c_p.l(lc_ctype_c.o)
    0x00006110   0x0000008c   Code   RO         1341    x$fpl$fadd          fz_ps.l(faddsub.o)
    0x0000619c   0x00000054   Code   RO         1356    x$fpl$fleqf         fz_ps.l(flef.o)
    0x000061f0   0x000000b0   Code   RO         1358    x$fpl$fmul          fz_ps.l(fmul.o)
    0x000062a0   0x00000058   Code   RO         1360    x$fpl$frleqf        fz_ps.l(frlef.o)
    0x000062f8   0x00000018   Code   RO         1342    x$fpl$frsb          fz_ps.l(faddsub.o)
    0x00006310   0x000000d0   Code   RO         1343    x$fpl$fsub          fz_ps.l(faddsub.o)
    0x000063e0   0x00000010   Code   RO         1636    x$fpl$printf1       fz_ps.l(printf1.o)
    0x000063f0   0x00000000   Code   RO         1640    x$fpl$usenofp       fz_ps.l(usenofp.o)
    0x000063f0   0x00000017   Data   RO          485    .constdata          retarget.o
    0x00006407   0x00000001   PAD
    0x00006408   0x000000d8   Data   RO          567    .constdata          mbed.ar(serial_api.o)
    0x000064e0   0x00000028   Data   RO         1105    .constdata          c_p.l(_printf_hex_int_ll_ptr.o)
    0x00006508   0x00000011   Data   RO         1125    .constdata          c_p.l(__printf_flags_ss_wp.o)
    0x00006519   0x00000080   Data   RO         1331    .constdata          fz_ps.l(ddiv.o)
    0x00006599   0x00000040   Data   RO         1348    .constdata          fz_ps.l(fdiv.o)
    0x000065d9   0x00000003   PAD
    0x000065dc   0x00000008   Data   RO         1460    .constdata          c_p.l(_printf_wctomb.o)
    0x000065e4   0x00000094   Data   RO         1805    .constdata          c_p.l(bigflt0.o)
    0x00006678   0x0000002c   Data   RO          530    .constdata__ZTVN4mbed10FileHandleE  retarget.o
    0x000066a4   0x00000014   Data   RO          884    .constdata__ZTVN4mbed10TimerEventE  mbed.ar(TimerEvent.o)
    0x000066b8   0x00000044   Data   RO          765    .constdata__ZTVN4mbed6SerialE  mbed.ar(Serial.o)
    0x000066fc   0x00000044   Data   RO          838    .constdata__ZTVN4mbed6StreamE  mbed.ar(Stream.o)
    0x00006740   0x00000014   Data   RO          854    .constdata__ZTVN4mbed6TickerE  mbed.ar(Ticker.o)
    0x00006754   0x00000010   Data   RO          976    .constdata__ZTVN4mbed8FileBaseE  mbed.ar(FileBase.o)
    0x00006764   0x0000003c   Data   RO          999    .constdata__ZTVN4mbed8FileLikeE  mbed.ar(FileLike.o)
    0x000067a0   0x00000010   Data   RO          636    .constdata__ZTVN4mbed9CallChainE  mbed.ar(CallChain.o)
    0x000067b0   0x00000020   Data   RO         1959    Region$$Table       anon$$obj.o
    0x000067d0   0x0000001c   Data   RO         1813    locale$$data        c_p.l(lc_numeric_c.o)
    0x000067ec   0x00000110   Data   RO         1898    locale$$data        c_p.l(lc_ctype_c.o)
    0x000068fc   0x00000004   Data   RO          266    .init_array         common.o


    Execution Region RW_IRAM1 (Base: 0x1ffff0c0, Size: 0x00000fc8, Max: 0x00003f40, ABSOLUTE)

    Base Addr    Size         Type   Attr      Idx    E Section Name        Object

    0x1ffff0c0   0x00000010   Data   RW            5    .data               main.o
    0x1ffff0d0   0x00000060   Data   RW          329    .data               spices.o
    0x1ffff130   0x00000030   Data   RW          378    .data               tfc.o
    0x1ffff160   0x00000004   Data   RW          541    .data               system_MKL25Z4.o
    0x1ffff164   0x00000010   Data   RW          568    .data               mbed.ar(serial_api.o)
    0x1ffff174   0x0000000c   Data   RW          904    .data               mbed.ar(us_ticker.o)
    0x1ffff180   0x00000008   Data   RW          936    .data               mbed.ar(us_ticker_api.o)
    0x1ffff188   0x00000004   Data   RW          965    .data               mbed.ar(FileBase.o)
    0x1ffff18c   0x00000004   Data   RW         1048    .data               mbed.ar(semihost_api.o)
    0x1ffff190   0x00000004   Data   RW         1157    .data               c_p.l(stdio_streams.o)
    0x1ffff194   0x00000004   Data   RW         1158    .data               c_p.l(stdio_streams.o)
    0x1ffff198   0x00000004   Data   RW         1159    .data               c_p.l(stdio_streams.o)
    0x1ffff19c   0x00000004   Data   RW         1833    .data               c_p.l(heapauxa.o)
    0x1ffff1a0   0x00000068   Zero   RW          264    .bss                common.o
    0x1ffff208   0x00000010   Zero   RW          265    .bss                common.o
    0x1ffff218   0x00000900   Zero   RW          327    .bss                spices.o
    0x1ffffb18   0x00000400   Zero   RW          377    .bss                tfc.o
    0x1fffff18   0x00000040   Zero   RW          484    .bss                retarget.o
    0x1fffff58   0x0000000c   Zero   RW          566    .bss                mbed.ar(serial_api.o)
    0x1fffff64   0x00000054   Zero   RW         1154    .bss                c_p.l(stdio_streams.o)
    0x1fffffb8   0x00000054   Zero   RW         1155    .bss                c_p.l(stdio_streams.o)
    0x2000000c   0x00000054   Zero   RW         1156    .bss                c_p.l(stdio_streams.o)
    0x20000060   0x00000004   Zero   RW         1372    .bss                c_p.l(rt_new_handler_addr.o)
    0x20000064   0x00000004   Zero   RW         1377    .bss                c_p.l(rt_ddtor_pointer_addr.o)
    0x20000068   0x00000004   Zero   RW         1664    .bss                c_p.l(rt_heap_descriptor.o)
    0x2000006c   0x00000014   Zero   RW         1785    .bss                c_p.l(rt_locale.o)
    0x20000080   0x00000004   Zero   RW         1790    .bss                c_p.l(rt_errno_addr.o)
    0x20000084   0x00000004   Zero   RW         1886    .bss                c_p.l(rt_eh_globals_addr.o)


==============================================================================

Image component sizes


      Code (inc. data)   RO Data    RW Data    ZI Data      Debug   Object Name

        56         10          0          0          0         76   cmsis_nvic.o
       144         36          4          0        120       7273   common.o
       596        100          0         16          0     101779   main.o
       644         68         67          0         64        728   retarget.o
      3532        862          0         96       2304       9806   spices.o
        44         24        192          0          0        164   startup_MKL25Z4.o
        16          6          0          0          0         60   sys.o
       152         30          0          4          0         60   system_MKL25Z4.o
      1838        148          0         48       1024      18065   tfc.o

    ----------------------------------------------------------------------
      7028       1284        296        164       3512     138011   Object Totals
         0          0         32          0          0          0   (incl. Generated)
         6          0          1          0          0          0   (incl. Padding)

    ----------------------------------------------------------------------

      Code (inc. data)   RO Data    RW Data    ZI Data      Debug   Library Member Name

        64         10          0          0          0         84   __0sscanf.o
        22          0          0          0          0         84   __2fprintf.o
        44          4          0          0          0         84   __2sprintf.o
         8          0          0          0          0         68   __main.o
       392          6         17          0          0         76   __printf_flags_ss_wp.o
        14          0          0          0          0         60   __printf_wp.o
        60          8          0          0          0          0   __scatter.o
        26          0          0          0          0          0   __scatter_copy.o
        28          0          0          0          0          0   __scatter_zi.o
        30          0          0          0          0         60   _chval.o
        10          0          0          0          0          0   _printf_a.o
        10          0          0          0          0          0   _printf_c.o
        46          0          0          0          0        100   _printf_char.o
        48          6          0          0          0         88   _printf_char_common.o
        40          6          0          0          0         72   _printf_char_file.o
        40          0          0          0          0         60   _printf_charcount.o
        10          0          0          0          0          0   _printf_d.o
       108         18          0          0          0         76   _printf_dec.o
        10          0          0          0          0          0   _printf_e.o
        10          0          0          0          0          0   _printf_f.o
      1044         12          0          0          0        176   _printf_fp_dec.o
       136         16          0          0          0         76   _printf_fp_infnan.o
        10          0          0          0          0          0   _printf_g.o
       152          4         40          0          0        148   _printf_hex_int_ll_ptr.o
        10          0          0          0          0          0   _printf_i.o
       176          0          0          0          0         84   _printf_intcommon.o
        10          0          0          0          0          0   _printf_l.o
        10          0          0          0          0          0   _printf_lc.o
        10          0          0          0          0          0   _printf_ll.o
        10          0          0          0          0          0   _printf_lld.o
        10          0          0          0          0          0   _printf_lli.o
        10          0          0          0          0          0   _printf_llo.o
        10          0          0          0          0          0   _printf_llu.o
        10          0          0          0          0          0   _printf_llx.o
       112         18          0          0          0         76   _printf_longlong_dec.o
        10          0          0          0          0          0   _printf_ls.o
        10          0          0          0          0          0   _printf_n.o
        10          0          0          0          0          0   _printf_o.o
       112         10          0          0          0        112   _printf_oct_int_ll.o
        10          0          0          0          0          0   _printf_p.o
        78          0          0          0          0        100   _printf_pad.o
         2          0          0          0          0          0   _printf_percent.o
         4          0          0          0          0          0   _printf_percent_end.o
        10          0          0          0          0          0   _printf_s.o
        82          0          0          0          0         72   _printf_str.o
        36          0          0          0          0         76   _printf_truncate.o
        10          0          0          0          0          0   _printf_u.o
        46          0          0          0          0        100   _printf_wchar.o
       188          6          8          0          0         80   _printf_wctomb.o
        10          0          0          0          0          0   _printf_x.o
       908         16          0          0          0         84   _scanf.o
       330          0          0          0          0         84   _scanf_int.o
        68          0          0          0          0         76   _sgetc.o
        10          0          0          0          0         60   _sputc.o
        68          0          0          0          0         72   _wcrtomb.o
        16          0          0          0          0         64   abort.o
       346          0          0          0          0         92   aeabi_sdiv.o
       204          4        148          0          0         80   bigflt0.o
      1240         12          0          0          0        316   btod.o
        14          0          0          0          0         68   c89vfprintf.o
        48         34          0          0          0         68   defsig_abrt_inner.o
        12          0          0          0          0         68   defsig_abrt_outer.o
        12          0          0          0          0         68   defsig_exit.o
        52          0          0          0          0         72   defsig_general.o
        48         34          0          0          0         68   defsig_pvfn_inner.o
        12          0          0          0          0         68   defsig_pvfn_outer.o
        80         58          0          0          0         68   defsig_rtmem_inner.o
        12          0          0          0          0         68   defsig_rtmem_outer.o
        52         38          0          0          0         68   defsig_rtred_inner.o
        12          0          0          0          0         68   defsig_rtred_outer.o
        76          4          0          0          0         76   fclose.o
         8          0          0          0          0         60   ferror.o
       104          4          0          0          0        100   fflush.o
       496         10          0          0          0         76   flsbuf.o
       232          8          0          0          0        108   fopen.o
        30          0          0          0          0         68   fputc.o
       244          4          0          0          0         76   fseek.o
        66          0          0          0          0         68   ftell.o
        98          0          0          0          0         72   h1_alloc.o
        52          0          0          0          0         68   h1_extend.o
        76          0          0          0          0         72   h1_free.o
        14          0          0          0          0         76   h1_init.o
        80          4          0          4          0         88   heapauxa.o
         4          0          0          0          0        120   hguard.o
         0          0          0          0          0          0   indicate_semi.o
        36         10          0          0          0         72   init_aeabi.o
       136          0          0          0          0        160   init_alloc.o
       316         44          0          0          0         96   initio.o
        18          0          0          0          0         68   isspace.o
        44         10        272          0          0         76   lc_ctype_c.o
        44         10         28          0          0         76   lc_numeric_c.o
         2          0          0          0          0          0   libinit.o
        50          0          0          0          0          0   libinit2.o
         6          0          0          0          0          0   libshutdown2.o
       122          0          0          0          0         72   lludiv10.o
         0          0          0          0          0          0   maybetermalloc1.o
        28          0          0          0          0         68   memset.o
        16          4          0          0          0         76   rt_ctype_table.o
         8          4          0          0          4         68   rt_ddtor_pointer_addr.o
         8          4          0          0          4         68   rt_eh_globals_addr.o
         8          4          0          0          4         68   rt_errno_addr.o
         8          4          0          0          4         68   rt_heap_descriptor.o
         8          4          0          0         20         68   rt_locale.o
        64          0          0          0          0        108   rt_memclr.o
        56          0          0          0          0         68   rt_memcpy.o
         8          4          0          0          4         68   rt_new_handler_addr.o
         0          0          0          0          0          0   rtentry.o
        12          0          0          0          0          0   rtentry2.o
         6          0          0          0          0          0   rtentry4.o
        40          0          0          0          0         60   rtudiv10.o
        48          8          0          0          0         84   scanf_char.o
        26          0          0          0          0         68   setbuf.o
        76          4          0          0          0         72   setvbuf.o
       240          8          0          0          0        144   stdio.o
         0          0          0         12        252          0   stdio_streams.o
       136          4          0          0          0         72   strcmp.o
        68          6          0          0          0         72   strlen.o
       160          6          0          0          0         76   strncmp.o
        12          4          0          0          0         60   sys_exit.o
        12          0          0          0          0         68   sys_wrch.o
         2          0          0          0          0         68   use_no_semi.o
        44          0          0          0          0         76   aeabi_atexit.o
        32          0          0          0          0         80   aeabi_vec_ctor_nocookie_nodtor.o
        34          0          0          0          0         76   aeabi_vec_dtor_noexceptions.o
        84         12          0          0          0         96   arm_exceptions_globs.o
        66          0          0          0          0        100   arm_exceptions_mem.o
        28          0          0          0          0         68   arm_exceptions_terminate.o
         8          0          0          0          0         68   arm_newhandler_noexceptions.o
         8          0          0          0          0         68   array_new.o
        66          0          0          0          0         76   cxa_finalize.o
         8          0          0          0          0         68   delete.o
        40          4          0          0          0         68   new.o
        10          0          0          0          0         68   pure_virt.o
        48          6          0          0          0         60   cmpret.o
       124          4          0          0          0         72   d2f.o
       844         22          0          0          0        228   daddsub.o
      1100         28        128          0          0        116   ddiv.o
        88          0          0          0          0         92   dflti.o
       600         22          0          0          0         84   dmul.o
        92         12          0          0          0         72   dscalbn.o
        88          6          0          0          0         60   f2d.o
       372          8          0          0          0        240   faddsub.o
       100          4          0          0          0         68   fcmpin.o
       352          8         64          0          0         88   fdiv.o
        48          0          0          0          0         60   ffixui.o
        94          0          0          0          0         92   fflti.o
        84          4          0          0          0         76   flef.o
       176          4          0          0          0         80   fmul.o
        16          6          0          0          0         68   fnan2.o
        88          4          0          0          0         76   frlef.o
        68          4          0          0          0         68   fscalbn.o
        16          4          0          0          0         76   printf1.o
        94          0          0          0          0         68   retnan.o
         0          0          0          0          0          0   usenofp.o
        44          6          0          0          0         60   fpclassify.o
       260          8         16          0          0        504   CallChain.o
       148         24         16          4          0        252   FileBase.o
        48          8         60          0          0        136   FileLike.o
       154          0          0          0          0        404   FilePath.o
        34          0          0          0          0        120   FunctionPointer.o
       134         12         68          0          0        348   Serial.o
       176         20         68          0          0        548   Stream.o
        54          0         20          0          0        140   Ticker.o
        80         16         20          0          0        332   TimerEvent.o
        64          6          0          0          0        128   board.o
        24          0          0          0          0         64   exit.o
       130          4          0          0          0        200   gpio_api.o
         8          0          0          0          0         68   mbed_interface.o
        88         14          0          0          0        132   pinmap.o
       216         86          0          0          0        204   pinmap_common.o
        24          6          0          4          0        132   semihost_api.o
       840        272        216         16         12        416   serial_api.o
       338         72          0         12          0        456   us_ticker.o
       200         24          0          8          0        276   us_ticker_api.o
        36          0          0          0          0        140   wait_api.o

    ----------------------------------------------------------------------
     18364       1236       1192         60        304      14828   Library Totals
        38          0          3          0          0          0   (incl. Padding)

    ----------------------------------------------------------------------

      Code (inc. data)   RO Data    RW Data    ZI Data      Debug   Library Name

     10306        496        513         16        292       7012   c_p.l
       428         16          0          0          0        912   cpprt_p.l
      4492        146        192          0          0       1844   fz_ps.l
        44          6          0          0          0         60   m_ps.l
      3056        572        484         44         12       5000   mbed.ar

    ----------------------------------------------------------------------
     18364       1236       1192         60        304      14828   Library Totals

    ----------------------------------------------------------------------

==============================================================================


      Code (inc. data)   RO Data    RW Data    ZI Data      Debug   

     25392       2520       1488        224       3816     143043   Grand Totals
     25392       2520       1488        224       3816     143043   ELF Image Totals
     25392       2520       1488        224          0          0   ROM Totals

==============================================================================

    Total RO  Size (Code + RO Data)                26880 (  26.25kB)
    Total RW  Size (RW Data + ZI Data)              4040 (   3.95kB)
    Total ROM Size (Code + RO Data + RW Data)      27104 (  26.47kB)

==============================================================================

